[WARN] config 有廢棄鍵 ['num_samples']（程式碼不讀取，對模型無作用）
Options: Namespace(config='configs/stage2_true_hyrsm_b4_tuple.yaml', dataset='hmdb', learning_rate=0.001, tasks_per_batch=16, checkpoint_dir='/home/ccwu/trx_data/checkpoints/ckptpfx_rn50_3c-segs3/hmdb_split3_20260921_220722', test_model_path=None, training_iterations=100, resume_from_checkpoint=False, way=5, shot=1, query_per_class=5, query_per_class_test=1, test_iters=[999999], num_test_tasks=10000, print_freq=50, seq_len=8, num_workers=10, method='resnet50', trans_linear_out_dim=1152, trans_linear_in_dim=2048, opt='sgd', trans_dropout=0.1, save_freq=999999, img_size=224, temp_set=[2], scratch='/home/ccwu/Documents/work/trx/trx_data', num_gpus=1, debug_loader=False, split=3, sch=[1000000], seed=None, grad_ckpt=True, ckpt_segments=3, ckpt_prefix=11, freeze_backbone=False, profile_memory=True, bn_fix_scope='covered', loss_csv=None, profile_time=False, decouple_gate=True, decouple_mode='remove', intra_depth=1, matching='bidirectional', set_aggregation='pool', tau=0.1, num_samples=1, use_intra_relation=True, use_inter_relation=True, relation_level='tuple', inter_style='true_hyrsm', config_file='configs/stage2_true_hyrsm_b4_tuple.yaml', traintestlist='/home/ccwu/Documents/work/trx/trx_data/video_datasets/splits/hmdb_ARN', path='/home/ccwu/Documents/work/trx/trx_data/video_datasets/data/hmdb51_256q5.zip')

Checkpoint Directory: /home/ccwu/trx_data/checkpoints/ckptpfx_rn50_3c-segs3/hmdb_split3_20260921_220722

/home/ccwu/miniconda3/envs/trx/lib/python3.10/site-packages/torchvision/models/_utils.py:208: UserWarning: The parameter 'pretrained' is deprecated since 0.13 and may be removed in the future, please use 'weights' instead.
  warnings.warn(
/home/ccwu/miniconda3/envs/trx/lib/python3.10/site-packages/torchvision/models/_utils.py:223: UserWarning: Arguments other than a weight enum or `None` for 'weights' are deprecated since 0.13 and may be removed in the future. The current behavior is equivalent to passing `weights=ResNet50_Weights.IMAGENET1K_V1`. You can also use `weights=ResNet50_Weights.DEFAULT` to get the most up-to-date weights.
  warnings.warn(msg)
[INFO] set inplace=False on 17 ReLU modules in resnet
[INFO] TRXSetMatching (pairs-only) — 距離設定見下一行 [INFO]
[INFO] matching=bidirectional, set_aggregation=pool, tau=0.1, tuples_len=28, support_chunk=64
[INFO] TRXSetMatchingWithRelation: relation_level=tuple, use_intra=True, use_inter=True, intra_depth=1, inter_style=true_hyrsm, rel_dim=1152
[INFO] grad_ckpt on (bn_fix_scope=covered): adjusted momentum of 24 / 53 BN layers to 0.05132 (chain[:11] of 21)
loaded /home/ccwu/Documents/work/trx/trx_data/video_datasets/data/hmdb51_256q5.zip
train: 4269, test: 1276
[INFO] optimizer 收了 52.14 M 個可訓練參數
/home/ccwu/miniconda3/envs/trx/lib/python3.10/site-packages/torch/optim/lr_scheduler.py:224: UserWarning: Detected call of `lr_scheduler.step()` before `optimizer.step()`. In PyTorch 1.1.0 and later, you should call them in the opposite order: `optimizer.step()` before `lr_scheduler.step()`.  Failure to do this will result in PyTorch skipping the first value of the learning rate schedule. See more details at https://pytorch.org/docs/stable/optim.html#how-to-adjust-learning-rate
  warnings.warn(
Traceback (most recent call last):
  File "/home/ccwu/Documents/work/trx/run.py", line 795, in <module>
    main()
  File "/home/ccwu/Documents/work/trx/run.py", line 116, in main
    learner.run()
  File "/home/ccwu/Documents/work/trx/run.py", line 585, in run
    task_loss, task_accuracy = self.train_task(task_dict)
  File "/home/ccwu/Documents/work/trx/run.py", line 717, in train_task
    task_loss.backward(retain_graph=False)
  File "/home/ccwu/miniconda3/envs/trx/lib/python3.10/site-packages/torch/_tensor.py", line 581, in backward
    torch.autograd.backward(
  File "/home/ccwu/miniconda3/envs/trx/lib/python3.10/site-packages/torch/autograd/__init__.py", line 347, in backward
    _engine_run_backward(
  File "/home/ccwu/miniconda3/envs/trx/lib/python3.10/site-packages/torch/autograd/graph.py", line 825, in _engine_run_backward
    return Variable._execution_engine.run_backward(  # Calls into the C++ engine to run the backward pass
  File "/home/ccwu/miniconda3/envs/trx/lib/python3.10/site-packages/torch/utils/checkpoint.py", line 1125, in unpack_hook
    frame.recompute_fn(*args)
  File "/home/ccwu/miniconda3/envs/trx/lib/python3.10/site-packages/torch/utils/checkpoint.py", line 1519, in recompute_fn
    fn(*args, **kwargs)
  File "/home/ccwu/miniconda3/envs/trx/lib/python3.10/site-packages/torch/nn/modules/module.py", line 1736, in _wrapped_call_impl
    return self._call_impl(*args, **kwargs)
  File "/home/ccwu/miniconda3/envs/trx/lib/python3.10/site-packages/torch/nn/modules/module.py", line 1747, in _call_impl
    return forward_call(*args, **kwargs)
  File "/home/ccwu/miniconda3/envs/trx/lib/python3.10/site-packages/torch/nn/modules/container.py", line 250, in forward
    input = module(input)
  File "/home/ccwu/miniconda3/envs/trx/lib/python3.10/site-packages/torch/nn/modules/module.py", line 1736, in _wrapped_call_impl
    return self._call_impl(*args, **kwargs)
  File "/home/ccwu/miniconda3/envs/trx/lib/python3.10/site-packages/torch/nn/modules/module.py", line 1747, in _call_impl
    return forward_call(*args, **kwargs)
  File "/home/ccwu/miniconda3/envs/trx/lib/python3.10/site-packages/torchvision/models/resnet.py", line 161, in forward
    out = self.relu(out)
  File "/home/ccwu/miniconda3/envs/trx/lib/python3.10/site-packages/torch/nn/modules/module.py", line 1736, in _wrapped_call_impl
    return self._call_impl(*args, **kwargs)
  File "/home/ccwu/miniconda3/envs/trx/lib/python3.10/site-packages/torch/nn/modules/module.py", line 1747, in _call_impl
    return forward_call(*args, **kwargs)
  File "/home/ccwu/miniconda3/envs/trx/lib/python3.10/site-packages/torch/nn/modules/activation.py", line 133, in forward
    return F.relu(input, inplace=self.inplace)
  File "/home/ccwu/miniconda3/envs/trx/lib/python3.10/site-packages/torch/nn/functional.py", line 1704, in relu
    result = torch.relu(input)
torch.OutOfMemoryError: CUDA out of memory. Tried to allocate 308.00 MiB. GPU 0 has a total capacity of 11.75 GiB of which 175.75 MiB is free. Including non-PyTorch memory, this process has 11.45 GiB memory in use. Of the allocated memory 9.87 GiB is allocated by PyTorch, and 1.26 GiB is reserved by PyTorch but unallocated. If reserved but unallocated memory is large try setting PYTORCH_CUDA_ALLOC_CONF=expandable_segments:True to avoid fragmentation.  See documentation for Memory Management  (https://pytorch.org/docs/stable/notes/cuda.html#environment-variables)
