124
124
124
124
124
124
124
402
530
530
530
530
530
798
5956
9280
9280
9280
9280
9280
9280
9280
9280
9280
9280
9280
9280
9280
9280
9280
9280
9280
9280
9280
9280
9280
9280
9280
9280
9280
9280
9280
9280
9280
9280
9280
9280
9280
9280
9280
9280
9280
9280
9280
9280
9280
9280
9280
9280
9280
9280
9280
9280
9280
9280
9280
9280
9280
9280
9280
9280
9280
9280
9280
9280
9280
9280
9280
9280
9280
9280
9280
9280
9280
9280
9280
9280
9280
9280
9280
9280
9280
9280
9280
9280
9280
9280
9280
9280
9280
9280
9280
9280
9280
9280
9280
9280
9280
9280
9280
9280
9280
9280
9280
9280
9280
9280
9280
9280
9280
9280
9280
9280
9280
9280
9280
9280
9280
9280
9280
9280
9280
9282
9282
9282
9282
9282
9282
9282
9282
9282
9282
9282
9282
9282
9282
9282
9282
9282
9282
9282
9282
9282
9282
9282
9282
9282
9282
9282
9282
9282
9282
9282
9282
9282
9282
9282
9282
9282
9282
9282
9282
9282
9282
9282
9282
9282
9282
9282
9282
9282
9282
9282
9282
9282
9282
9282
9282
9282
9282
9282
9282
9282
9282
9282
9282
9282
9282
9282
9282
9282
