124
124
124
124
124
127
534
534
534
534
534
534
874
1678
2066
2066
2066
2066
2066
2066
2066
2066
2066
2066
2066
2066
2066
2066
2066
2066
2066
2066
2066
2066
2066
2066
2066
2066
2066
2066
2066
2066
2066
2066
2066
2066
2066
2066
2066
2066
2066
2066
2066
2066
2066
2066
2066
2066
2066
2066
2066
2066
2066
2066
2066
2066
2066
2066
2066
2066
2066
2066
2066
2066
2066
2066
2066
2066
2066
2066
2066
2066
2066
2066
2066
2066
2066
2066
2066
2066
2066
2066
2066
2066
2066
2066
2066
2066
2066
2066
2066
2066
2066
2066
2066
2066
2066
2066
2066
2066
2066
2066
2066
2066
2066
2066
2066
2066
2066
2066
2066
2066
2066
2066
2066
2066
2066
2066
2066
124
