124
124
124
124
124
127
530
530
530
530
670
870
1592
2048
2048
2048
2050
2050
2050
2050
2050
2050
2050
2050
2050
2050
2050
2050
2050
2050
2050
2050
2050
2050
2050
2050
2050
2050
2050
2050
2050
2050
2050
2050
2050
2050
2050
2050
2050
2050
2050
2050
2050
2050
2050
2050
2050
2050
2050
2050
2050
2050
2050
2050
2050
2050
2050
2050
2050
2050
2050
2050
2050
2050
2050
2050
2050
2050
2050
2050
2050
2050
2050
2050
2050
2050
2050
2050
2050
2050
2050
2050
2050
2050
2050
2050
2050
2050
2050
2050
2050
2050
2050
2050
2050
2050
2050
2050
2050
2050
2050
2050
2050
2050
2050
2050
2050
2050
2050
2050
2050
2050
2050
2050
2050
2050
2050
