124
124
124
124
124
124
124
124
124
124
124
124
604
604
604
604
604
604
872
3754
3782
3784
3784
3784
3784
3784
3786
3786
3786
3786
3786
3786
3786
3786
3786
3786
3786
3786
3786
3786
3786
3786
3786
3786
3786
3786
3786
3786
3786
3786
3786
3786
3786
3786
3786
3786
3786
3786
3786
3786
3786
3786
3786
3786
3786
3786
3786
3786
3786
3786
3786
3786
3786
3786
3786
3786
3786
3786
3786
3786
3786
3786
3786
3786
3786
3786
3786
3786
3786
3786
3786
3786
3786
3786
3786
3786
3786
3786
3786
3786
3786
3786
3786
3786
3786
3786
3786
3786
3786
3786
3786
3786
3786
3786
3786
3786
3786
3786
3786
3786
3786
3786
3786
3786
3786
3786
3786
3786
3786
3786
3786
3786
3786
3786
3786
3786
3786
3786
3786
3786
3786
3786
3786
3786
3786
3786
3786
3786
3786
3786
3786
3786
3786
3786
3786
3786
3786
3786
3786
3786
3786
3786
3786
3786
3786
3786
3786
3786
3786
3786
3786
3786
3786
3786
3786
3786
3786
3786
3786
3786
3786
3786
3786
3786
3786
3786
3786
3786
3786
3786
3786
3786
3786
3786
3786
3786
3786
3786
3786
3786
3786
3786
3786
3786
3786
3786
