124
124
124
124
124
124
124
530
530
530
530
530
530
800
2220
2234
2234
2234
2234
2234
2234
2234
2234
2234
2234
2234
2234
2234
2234
2234
2234
2234
2234
2234
2234
2234
2234
2234
2234
2234
2234
2234
2234
2236
2236
2236
2236
2236
2236
2236
2236
2236
2236
2236
2236
2236
2236
2236
2236
2236
2236
2236
2236
2236
2236
2236
2236
2236
2236
2236
2236
2236
2236
2236
2236
2236
2236
2236
2236
2236
2236
2236
2236
2236
2236
2236
2236
2236
2236
2236
2236
2236
2236
2236
2236
2236
2236
2236
2236
2236
2236
2236
2236
2236
2236
2236
2236
2236
2236
2236
2236
2236
2236
2236
2236
2236
2236
2236
2236
2236
2236
2236
2236
2236
2236
2236
2236
2236
2236
2236
2236
2236
2236
2236
2236
2236
