[WARN] config 有廢棄鍵 ['num_samples']（程式碼不讀取，對模型無作用）
Options: Namespace(config='configs/stage2_true_hyrsm_b4_tuple.yaml', dataset='hmdb', learning_rate=0.001, tasks_per_batch=16, checkpoint_dir='/home/ccwu/trx_data/checkpoints/cost1005_RN18_C_fp16/hmdb_split3_20261005_175139', test_model_path=None, training_iterations=300, resume_from_checkpoint=False, way=5, shot=1, query_per_class=5, query_per_class_test=1, test_iters=[999999], num_test_tasks=10000, print_freq=100, seq_len=8, num_workers=10, method='resnet18', trans_linear_out_dim=1152, trans_linear_in_dim=512, opt='sgd', trans_dropout=0.1, save_freq=999999, img_size=224, temp_set=[2], scratch='/home/ccwu/Documents/work/trx/trx_data', num_gpus=1, debug_loader=False, split=3, sch=[1000000], seed=None, grad_ckpt=False, ckpt_segments=8, ckpt_prefix=None, freeze_backbone=True, profile_memory=True, bn_fix_scope='covered', loss_csv=None, profile_time=True, ckpt_policy='full', backbone_mode='lst', side_width=128, side_res=7, side_norm='gn', adapter_hidden=761, train_aug='standard', eval_write_csv=False, amp='fp16', decouple_gate=True, decouple_mode='remove', intra_depth=1, matching='bidirectional', set_aggregation='pool', tau=0.1, num_samples=1, use_intra_relation=True, use_inter_relation=True, relation_level='tuple', inter_style='true_hyrsm', config_file='configs/stage2_true_hyrsm_b4_tuple.yaml', traintestlist='/home/ccwu/Documents/work/trx/trx_data/video_datasets/splits/hmdb_ARN', path='/home/ccwu/Documents/work/trx/trx_data/video_datasets/data/hmdb51_256q5.zip')

Checkpoint Directory: /home/ccwu/trx_data/checkpoints/cost1005_RN18_C_fp16/hmdb_split3_20261005_175139

/home/ccwu/miniconda3/envs/trx/lib/python3.10/site-packages/torchvision/models/_utils.py:208: UserWarning: The parameter 'pretrained' is deprecated since 0.13 and may be removed in the future, please use 'weights' instead.
  warnings.warn(
/home/ccwu/miniconda3/envs/trx/lib/python3.10/site-packages/torchvision/models/_utils.py:223: UserWarning: Arguments other than a weight enum or `None` for 'weights' are deprecated since 0.13 and may be removed in the future. The current behavior is equivalent to passing `weights=ResNet18_Weights.IMAGENET1K_V1`. You can also use `weights=ResNet18_Weights.DEFAULT` to get the most up-to-date weights.
  warnings.warn(msg)
[INFO] set inplace=False on 9 ReLU modules in resnet
[INFO] backbone FROZEN: requires_grad=False, BN in eval mode
[INFO] TRXSetMatching (pairs-only) — 距離設定見下一行 [INFO]
[INFO] matching=bidirectional, set_aggregation=pool, tau=0.1, tuples_len=28, support_chunk=64
[INFO] TRXSetMatchingWithRelation: relation_level=tuple, use_intra=True, use_inter=True, intra_depth=1, inter_style=true_hyrsm, rel_dim=1152
[INFO] backbone_mode=lst: side width=128 res=7 norm=gn，可訓練 0.781 M，α 初始 0
loaded /home/ccwu/Documents/work/trx/trx_data/video_datasets/data/hmdb51_256q5.zip
train: 4269, test: 1276
[INFO] optimizer 收了 25.87 M 個可訓練參數
/home/ccwu/Documents/work/trx/run.py:274: FutureWarning: `torch.cuda.amp.GradScaler(args...)` is deprecated. Please use `torch.amp.GradScaler('cuda', args...)` instead.
  self.scaler = torch.cuda.amp.GradScaler(enabled=(getattr(self.args, "amp", "off") == "fp16"))
/home/ccwu/miniconda3/envs/trx/lib/python3.10/site-packages/torch/optim/lr_scheduler.py:224: UserWarning: Detected call of `lr_scheduler.step()` before `optimizer.step()`. In PyTorch 1.1.0 and later, you should call them in the opposite order: `optimizer.step()` before `lr_scheduler.step()`.  Failure to do this will result in PyTorch skipping the first value of the learning rate schedule. See more details at https://pytorch.org/docs/stable/optim.html#how-to-adjust-learning-rate
  warnings.warn(
[memsplit] iter    20  persist 0.389  bb 0.082  head 0.181  bwd_extra 0.480  peak 1.132
[memsplit] iter    40  persist 0.389  bb 0.082  head 0.181  bwd_extra 0.480  peak 1.132
[memsplit] iter    60  persist 0.389  bb 0.082  head 0.181  bwd_extra 0.480  peak 1.132
[memsplit] iter    80  persist 0.292  bb 0.081  head 0.182  bwd_extra 0.480  peak 1.036
[mem] iter    100 win_alloc 1.132 win_res 1.574 cur_res 1.574 retries 0
Task [100/300], Train Loss: 16.0233688, Train Accuracy: 0.4404040
[adapter] iter 100 alpha -0.0203376
[memsplit] iter   100  persist 0.389  bb 0.082  head 0.181  bwd_extra 0.480  peak 1.132
[memsplit] iter   120  persist 0.389  bb 0.082  head 0.181  bwd_extra 0.480  peak 1.132
[memsplit] iter   140  persist 0.389  bb 0.082  head 0.181  bwd_extra 0.480  peak 1.132
[memsplit] iter   160  persist 0.292  bb 0.081  head 0.182  bwd_extra 0.480  peak 1.036
[memsplit] iter   180  persist 0.389  bb 0.082  head 0.181  bwd_extra 0.480  peak 1.132
[mem] iter    200 win_alloc 1.132 win_res 1.574 cur_res 1.574 retries 0
Task [200/300], Train Loss: 2.3688462, Train Accuracy: 0.4599999
[adapter] iter 200 alpha -0.0299478
[memsplit] iter   200  persist 0.389  bb 0.082  head 0.181  bwd_extra 0.480  peak 1.132
[memsplit] iter   220  persist 0.389  bb 0.082  head 0.181  bwd_extra 0.480  peak 1.132
[memsplit] iter   240  persist 0.292  bb 0.081  head 0.182  bwd_extra 0.480  peak 1.036
[memsplit] iter   260  persist 0.389  bb 0.082  head 0.181  bwd_extra 0.480  peak 1.132
[memsplit] iter   280  persist 0.389  bb 0.082  head 0.181  bwd_extra 0.480  peak 1.132
[mem] iter    300 win_alloc 1.132 win_res 1.574 cur_res 1.574 retries 0
Task [300/300], Train Loss: 2.0784681, Train Accuracy: 0.4728000
[adapter] iter 300 alpha -0.0350044
[memsplit] iter   300  persist 0.292  bb 0.081  head 0.182  bwd_extra 0.480  peak 1.035
[mem] RUN PEAK  alloc 1.132 GB  reserved 1.574 GB
[memsplit] MEDIAN (iter21-300)  persist 0.389  bb 0.082  head 0.181  bwd_extra 0.480  peak 1.132
[time] n=280(iter21-300)  data=9.997ms  H2D=40.773ms  backbone(支+查)=31.766ms  head=37.675ms  backward+step=65.761ms  | 五段加總=185.972ms  total(wall)=188.051ms  誤差=1.11%
