124
124
124
124
124
127
127
127
602
602
602
602
602
602
862
1018
11046
11244
11248
11304
10584
11772
11772
11772
11772
11772
11772
11772
11772
11772
11772
11772
11772
11772
11772
11772
11772
11772
11772
11772
11772
11772
11772
11772
11772
11772
11772
11772
11772
11772
11772
11772
11772
11772
11772
11772
11772
11772
11772
11772
11772
11772
11772
11772
11772
11772
11772
11772
11772
11772
11772
11772
11772
11772
11772
11772
11772
11772
11772
11772
11772
11772
11772
11772
11772
11772
11772
11772
11772
11772
11772
11772
11772
11772
11772
11772
11772
11772
11772
11772
11772
11772
11772
11772
11772
11772
11772
11772
11772
11772
11772
11772
11772
11772
11772
11772
11772
11772
11772
11772
11772
11772
11772
11772
11772
11772
11772
11772
11772
11772
11772
11772
11772
11772
11772
11772
11772
11772
11772
11772
11772
11772
11772
11772
11772
11772
11772
11772
11772
11772
11772
11772
11772
11772
11772
11772
11772
11772
11772
11772
11772
11772
11772
11772
11772
11772
11772
11772
11772
11772
11772
11772
11772
11772
11772
11772
11772
11772
11772
11772
11772
11772
11772
11772
11772
11772
11772
11772
11772
11772
11772
11772
11772
11772
11772
11772
11772
11772
11772
11772
11772
11772
11772
11772
11772
11772
11772
11772
11772
11772
11772
11772
11772
11772
11772
11772
11772
11772
11772
11772
11772
11772
11772
11772
11772
11772
11772
11772
11772
11772
11772
11772
11772
11772
11772
11772
11772
11772
11772
11772
11772
11772
11772
11772
11772
11772
11772
11772
11772
11772
11772
11772
11772
11772
11772
11772
11772
11772
11772
11772
11772
11772
11772
11772
11772
11772
11772
11772
11772
11772
11772
