124
124
124
124
124
127
127
127
127
127
602
602
602
602
742
1036
3766
4396
4396
4396
4396
4396
4396
4396
4396
4396
4396
4398
4398
4398
4398
4398
4398
4398
4398
4398
4398
4398
4398
4398
4398
4398
4398
4398
4398
4398
4398
4398
4398
4398
4398
4398
4398
4398
4398
4398
4398
4398
4398
4398
4398
4398
4398
4398
4398
4398
4398
4398
4398
4398
4398
4398
4398
4398
4398
4398
4398
4398
4398
4398
4398
4398
4398
4398
4398
4398
4398
4398
4398
4398
4398
4398
4398
4398
4398
4398
4398
4398
4398
4398
4398
4398
4398
4398
4398
4398
4398
4398
4398
4398
4398
4398
4398
4398
4398
4398
4398
4398
4398
4398
4398
4398
4398
4398
4398
4398
4398
4398
4398
4398
4398
4398
4398
4398
4398
4398
4398
4398
4398
4398
4398
4398
4398
4398
4398
4398
4398
4398
4398
4398
4398
4398
4398
4398
4398
4398
4398
4398
4398
4398
4398
4398
4398
4398
4398
4398
4398
4398
4398
4398
4398
4398
4398
4398
4398
4398
4398
4398
4398
4398
4398
4398
4398
4398
4398
4398
4398
4398
4398
4398
4398
4398
4398
4398
4398
4398
4398
4398
4398
4398
4398
4398
4398
4398
4398
4398
4398
4398
4398
4398
4398
4398
4398
