124
124
124
124
124
124
534
534
534
534
534
534
534
534
802
2222
2870
2870
2870
2870
2870
2872
2872
2872
2872
2872
2872
2872
2872
2872
2872
2872
2872
2872
2872
2872
2872
2872
2872
2872
2872
2872
2872
2872
2872
2872
2872
2872
2872
2872
2872
2872
2872
2872
2872
2872
2872
2872
2872
2872
2872
2872
2872
2872
2872
2872
2872
2872
2872
2872
2872
2872
2872
2872
2872
2872
2872
2872
2872
2872
2872
2872
2872
2872
2872
2872
2872
2872
2872
2872
2872
2872
2872
2872
2872
2872
2872
2872
2872
2872
2872
2872
2872
2872
2872
2872
2872
2872
2872
2872
2872
2872
2872
2872
2872
2872
2872
2872
2872
2872
2872
2872
2872
2872
2872
2872
2872
2872
2872
2872
2872
2872
2872
2872
2872
2872
2872
2872
2872
2872
