124
124
124
124
124
124
602
602
602
602
602
602
862
2652
2966
2966
2966
2966
2966
2966
2966
2966
2966
2966
2966
2966
2966
2966
2966
2966
2966
2966
2966
2966
2966
2966
2966
2966
2966
2966
2966
2966
2966
2966
2966
2966
2966
2966
2966
2966
2966
2966
2966
2966
2966
2966
2966
2966
2966
2966
2966
2966
2966
2966
2966
2966
2966
2966
2966
2966
2966
2966
2966
2966
2966
2966
2966
2966
2966
2966
2966
2966
2966
2966
2966
2966
2966
2966
2966
2966
2966
2966
2966
2966
2966
2968
2968
2968
2968
2968
2968
2968
2968
2968
2968
2968
2968
2968
2968
2968
2968
2968
2968
2968
2968
2968
2968
2968
2968
2968
2968
2968
2968
2968
2968
2968
2968
2968
2968
2968
2968
2968
2968
2968
2968
2968
2968
2968
2968
2968
2968
2968
2968
2968
2968
2968
2968
2968
2968
2968
2968
2968
2968
2968
2968
2968
2968
2968
2968
2968
2968
2968
2968
2968
2968
