124
124
124
124
124
124
124
127
622
622
622
622
622
762
1122
2680
2680
2680
2680
2680
2680
2680
2680
2680
2680
2680
2680
2680
2680
2680
2680
2680
2680
2680
2680
2680
2680
2680
2680
2680
2680
2680
2680
2680
2680
2680
2680
2680
2680
2680
2680
2680
2680
2680
2680
2680
2680
2680
2680
2680
2680
2680
2680
2680
2680
2680
2680
2680
2680
2680
2680
2680
2680
2680
2680
2680
2680
2680
2680
2680
2680
2680
2680
2680
2680
2680
2680
2680
2680
2680
2680
2680
2680
2680
2680
2680
2680
2680
2680
2680
2680
2680
2680
2680
2680
2680
2680
2680
2680
2680
2680
2680
2680
2680
2680
2680
2680
2680
2680
2680
2680
2680
2680
2680
2680
2680
2680
2680
2680
2680
2680
2680
2680
2680
2680
2680
2680
2680
2680
2680
2680
2680
2680
2680
2680
2680
2680
2680
2680
2680
2680
2680
2680
2680
2680
2680
2680
