126
126
126
126
126
126
126
126
126
126
126
126
126
126
126
126
126
126
126
126
126
126
126
126
126
126
126
126
126
126
126
126
126
126
129
129
129
129
129
516
516
516
516
516
516
516
516
516
516
516
516
516
516
516
516
516
516
516
516
516
516
516
950
6406
6990
10686
10702
10702
10702
10702
10702
10702
10702
10702
10702
10702
10702
10702
10702
10702
10702
10702
10702
10702
10702
10702
10702
10702
10702
10702
10702
10702
10702
10702
10702
10702
10702
10702
10702
10702
10702
10702
10702
10702
10702
10702
10702
10702
10702
10702
10702
10702
10702
10702
10702
10702
10702
10702
10702
10702
10702
10702
10702
10702
10702
10702
10702
10702
10702
10702
10702
10702
10702
10702
10704
10704
10704
10704
10704
10704
10704
10704
10704
10704
10704
10704
10704
10704
10704
10704
10704
10704
10704
10704
10704
10704
10704
10704
10704
10704
10704
10704
10704
10704
10704
10704
10704
10704
10704
10704
10704
10704
10704
10704
10704
10704
10704
10704
10704
10704
10704
10704
10704
10704
10704
10704
10704
10704
10704
10704
10704
10704
10704
10704
10704
10704
10704
10704
10704
10704
10704
10704
10704
10704
10704
10704
10704
10704
10704
10704
10704
10704
10704
10704
10704
10704
10704
10704
10704
10704
10704
10704
10704
10704
10704
10704
10704
10704
10704
10704
10704
10704
10704
10704
10704
10704
10704
10704
10704
10704
10704
10704
10704
10704
10704
10704
10704
10704
10704
10704
10704
10704
10704
10704
10704
10704
10704
10704
10704
10704
10704
10704
10704
10704
10704
10704
10704
10704
10704
10704
10704
10704
10704
10704
10704
10704
10704
10704
10704
10704
10704
10704
10704
10704
10704
10704
10704
10704
10704
10704
10704
10704
10704
10704
10704
10704
10704
10704
10704
10704
10704
10704
10704
10704
10704
10704
10704
10704
10704
10704
10704
10704
10704
10704
10704
10704
10704
10704
10704
10704
10704
10704
10704
10704
10704
10704
10704
10704
10704
10704
10704
10704
10704
10704
10704
10704
10704
10704
10704
10704
10704
10704
10704
10704
10704
10704
10704
10704
10704
10704
10704
10704
10704
10704
10704
10704
10704
10704
10704
10704
10704
10704
10704
10704
10704
10704
10704
10704
10704
10704
10704
10704
10704
10704
10704
10704
10704
10704
10704
10704
10704
10704
10704
10704
10704
10704
10704
10704
10704
10704
10704
10704
10704
10704
10704
10704
10704
10704
10704
10704
10704
10704
10704
10704
10704
10704
10704
10704
10704
10704
10704
10704
10704
10704
10704
10704
10704
10704
10704
10704
10704
10704
10704
10704
10704
10704
10704
10704
10704
10704
10704
10704
10704
10704
10704
10704
10704
10704
10704
10704
10704
10704
10704
10704
10704
10704
10704
10704
10704
10704
10704
10704
10704
10704
10704
10704
10704
10704
10704
10704
10704
10704
10704
10704
10704
10704
10704
