126
126
126
126
126
129
518
518
518
518
542
1202
3682
3696
3696
3696
3696
3696
3696
3696
3696
3696
3696
3696
3696
3696
3696
3696
3696
3696
3696
3696
3696
3696
3696
3696
3696
3696
3696
3696
3696
3696
3696
3696
3696
3696
3696
3696
3696
3696
3696
3696
3696
3696
3696
3696
3696
3696
3696
3696
3696
3696
3696
3696
3696
3696
3696
3696
3696
3696
3696
3696
3696
3696
3696
3696
3696
3696
3696
3696
3696
3696
3696
3696
3696
3696
3696
3696
3696
3696
3696
3696
3696
3696
3696
3696
3696
3696
3696
3696
3696
3696
3696
3696
3696
3696
3696
3696
3696
3696
3696
3696
3696
3696
3696
3696
3696
3696
3696
3696
3696
3696
3696
3696
3696
3696
3696
3696
3696
3696
3696
3696
3696
3696
3696
3696
3696
3696
3696
3696
3696
3696
3696
3696
3696
3696
3696
126
