124
124
124
124
124
127
127
530
530
530
530
530
530
868
3768
5090
5090
5090
5090
5090
5090
5090
5090
5090
5090
5090
5090
5090
5090
5090
5090
5090
5090
5090
5090
5090
5090
5090
5090
5090
5090
5090
5090
5090
5090
5090
5090
5090
5090
5090
5090
5090
5090
5090
5090
5090
5090
5090
5090
5090
5090
5090
5090
5090
5090
5090
5090
5090
5090
5090
5090
5090
5090
5090
5090
5090
5090
5090
5090
5090
5090
5090
5090
5090
5090
5090
5090
5090
5090
5090
5090
5090
5090
5090
5090
5090
5090
5090
5090
5090
5090
5090
5090
5090
5090
5090
5090
5090
5090
5090
5090
5090
5090
5090
5090
5090
5090
5090
5090
5090
5090
5090
5090
5090
5090
5090
5090
5090
5090
5090
5090
5090
5090
5090
5090
5090
5090
5090
5090
5090
5090
5090
5090
5090
5090
5090
5090
5090
5090
5090
5090
5090
5090
5090
5090
5090
5090
5090
5090
5090
5090
5090
5090
