=== RN50_E0: python run.py --dataset hmdb --split 3 --config configs/stage2_true_hyrsm_b4_tuple.yaml --method resnet50 --training_iterations 300 --print_freq 100 --save_freq 999999 --test_iters 999999 --profile_memory --profile_time -c /home/ccwu/trx_data/checkpoints/cost1005_RN50_E0 --scratch /home/ccwu/Documents/work/trx/trx_data ===
=== RN50_E0 done: oom ms/iter=未量測 alloc=未量測 smi=11.229 ===
=== RN50_E1: python run.py --dataset hmdb --split 3 --config configs/stage2_true_hyrsm_b4_tuple.yaml --method resnet50 --grad_ckpt --ckpt_prefix 14 --ckpt_segments 7 --training_iterations 300 --print_freq 100 --save_freq 999999 --test_iters 999999 --profile_memory --profile_time -c /home/ccwu/trx_data/checkpoints/cost1005_RN50_E1 --scratch /home/ccwu/Documents/work/trx/trx_data ===
=== RN50_E1 done: ok ms/iter=748.795 alloc=7.664 smi=10.148 ===
=== RN50_D: python run.py --dataset hmdb --split 3 --config configs/stage2_true_hyrsm_b4_tuple.yaml --method resnet50 --backbone_mode partial_l4 --training_iterations 300 --print_freq 100 --save_freq 999999 --test_iters 999999 --profile_memory --profile_time -c /home/ccwu/trx_data/checkpoints/cost1005_RN50_D --scratch /home/ccwu/Documents/work/trx/trx_data ===
=== RN50_D done: ok ms/iter=321.858 alloc=2.657 smi=4.295 ===
=== RN50_A: python run.py --dataset hmdb --split 3 --config configs/stage2_true_hyrsm_b4_tuple.yaml --method resnet50 --backbone_mode frozen --training_iterations 300 --print_freq 100 --save_freq 999999 --test_iters 999999 --profile_memory --profile_time -c /home/ccwu/trx_data/checkpoints/cost1005_RN50_A --scratch /home/ccwu/Documents/work/trx/trx_data ===
=== RN50_A done: ok ms/iter=286.157 alloc=2.398 smi=3.693 ===
=== RN50_B: python run.py --dataset hmdb --split 3 --config configs/stage2_true_hyrsm_b4_tuple.yaml --method resnet50 --backbone_mode top_adapter --training_iterations 300 --print_freq 100 --save_freq 999999 --test_iters 999999 --profile_memory --profile_time -c /home/ccwu/trx_data/checkpoints/cost1005_RN50_B --scratch /home/ccwu/Documents/work/trx/trx_data ===
=== RN50_B done: ok ms/iter=286.511 alloc=2.428 smi=3.715 ===
=== RN50_C: python run.py --dataset hmdb --split 3 --config configs/stage2_true_hyrsm_b4_tuple.yaml --method resnet50 --backbone_mode lst --training_iterations 300 --print_freq 100 --save_freq 999999 --test_iters 999999 --profile_memory --profile_time -c /home/ccwu/trx_data/checkpoints/cost1005_RN50_C --scratch /home/ccwu/Documents/work/trx/trx_data ===
=== RN50_C done: ok ms/iter=303.904 alloc=2.481 smi=3.697 ===
=== RN18_E0: python run.py --dataset hmdb --split 3 --config configs/stage2_true_hyrsm_b4_tuple.yaml --method resnet18 --training_iterations 300 --print_freq 100 --save_freq 999999 --test_iters 999999 --profile_memory --profile_time -c /home/ccwu/trx_data/checkpoints/cost1005_RN18_E0 --scratch /home/ccwu/Documents/work/trx/trx_data ===
=== RN18_E0 done: ok ms/iter=305.263 alloc=5.529 smi=9.064 ===
=== RN18_A: python run.py --dataset hmdb --split 3 --config configs/stage2_true_hyrsm_b4_tuple.yaml --method resnet18 --backbone_mode frozen --training_iterations 300 --print_freq 100 --save_freq 999999 --test_iters 999999 --profile_memory --profile_time -c /home/ccwu/trx_data/checkpoints/cost1005_RN18_A --scratch /home/ccwu/Documents/work/trx/trx_data ===
=== RN18_A done: ok ms/iter=195.161 alloc=1.578 smi=2.182 ===
=== RN18_B: python run.py --dataset hmdb --split 3 --config configs/stage2_true_hyrsm_b4_tuple.yaml --method resnet18 --backbone_mode top_adapter --training_iterations 300 --print_freq 100 --save_freq 999999 --test_iters 999999 --profile_memory --profile_time -c /home/ccwu/trx_data/checkpoints/cost1005_RN18_B --scratch /home/ccwu/Documents/work/trx/trx_data ===
=== RN18_B done: ok ms/iter=196.513 alloc=1.585 smi=2.184 ===
=== RN18_C: python run.py --dataset hmdb --split 3 --config configs/stage2_true_hyrsm_b4_tuple.yaml --method resnet18 --backbone_mode lst --training_iterations 300 --print_freq 100 --save_freq 999999 --test_iters 999999 --profile_memory --profile_time -c /home/ccwu/trx_data/checkpoints/cost1005_RN18_C --scratch /home/ccwu/Documents/work/trx/trx_data ===
=== RN18_C done: ok ms/iter=201.000 alloc=1.603 smi=2.805 ===
=== RN18_D: python run.py --dataset hmdb --split 3 --config configs/stage2_true_hyrsm_b4_tuple.yaml --method resnet18 --backbone_mode partial_l4 --training_iterations 300 --print_freq 100 --save_freq 999999 --test_iters 999999 --profile_memory --profile_time -c /home/ccwu/trx_data/checkpoints/cost1005_RN18_D --scratch /home/ccwu/Documents/work/trx/trx_data ===
=== RN18_D done: ok ms/iter=206.249 alloc=1.652 smi=2.781 ===
=== RN50_E0_fp16: python run.py --dataset hmdb --split 3 --config configs/stage2_true_hyrsm_b4_tuple.yaml --method resnet50 --amp fp16 --training_iterations 300 --print_freq 100 --save_freq 999999 --test_iters 999999 --profile_memory --profile_time -c /home/ccwu/trx_data/checkpoints/cost1005_RN50_E0_fp16 --scratch /home/ccwu/Documents/work/trx/trx_data ===
=== RN50_E0_fp16 done: ok ms/iter=411.489 alloc=10.613 smi=11.496 ===
=== RN50_E1_fp16: python run.py --dataset hmdb --split 3 --config configs/stage2_true_hyrsm_b4_tuple.yaml --method resnet50 --grad_ckpt --ckpt_prefix 14 --ckpt_segments 7 --amp fp16 --training_iterations 300 --print_freq 100 --save_freq 999999 --test_iters 999999 --profile_memory --profile_time -c /home/ccwu/trx_data/checkpoints/cost1005_RN50_E1_fp16 --scratch /home/ccwu/Documents/work/trx/trx_data ===
=== RN50_E1_fp16 done: ok ms/iter=485.501 alloc=4.222 smi=6.258 ===
=== RN50_D_fp16: python run.py --dataset hmdb --split 3 --config configs/stage2_true_hyrsm_b4_tuple.yaml --method resnet50 --backbone_mode partial_l4 --amp fp16 --training_iterations 300 --print_freq 100 --save_freq 999999 --test_iters 999999 --profile_memory --profile_time -c /home/ccwu/trx_data/checkpoints/cost1005_RN50_D_fp16 --scratch /home/ccwu/Documents/work/trx/trx_data ===
=== RN50_D_fp16 done: ok ms/iter=246.068 alloc=1.691 smi=2.898 ===
=== RN50_A_fp16: python run.py --dataset hmdb --split 3 --config configs/stage2_true_hyrsm_b4_tuple.yaml --method resnet50 --backbone_mode frozen --amp fp16 --training_iterations 300 --print_freq 100 --save_freq 999999 --test_iters 999999 --profile_memory --profile_time -c /home/ccwu/trx_data/checkpoints/cost1005_RN50_A_fp16 --scratch /home/ccwu/Documents/work/trx/trx_data ===
=== RN50_A_fp16 done: ok ms/iter=228.797 alloc=1.502 smi=2.596 ===
=== RN50_B_fp16: python run.py --dataset hmdb --split 3 --config configs/stage2_true_hyrsm_b4_tuple.yaml --method resnet50 --backbone_mode top_adapter --amp fp16 --training_iterations 300 --print_freq 100 --save_freq 999999 --test_iters 999999 --profile_memory --profile_time -c /home/ccwu/trx_data/checkpoints/cost1005_RN50_B_fp16 --scratch /home/ccwu/Documents/work/trx/trx_data ===
=== RN50_B_fp16 done: ok ms/iter=228.913 alloc=1.538 smi=2.617 ===
=== RN50_C_fp16: python run.py --dataset hmdb --split 3 --config configs/stage2_true_hyrsm_b4_tuple.yaml --method resnet50 --backbone_mode lst --amp fp16 --training_iterations 300 --print_freq 100 --save_freq 999999 --test_iters 999999 --profile_memory --profile_time -c /home/ccwu/trx_data/checkpoints/cost1005_RN50_C_fp16 --scratch /home/ccwu/Documents/work/trx/trx_data ===
=== RN50_C_fp16 done: ok ms/iter=243.093 alloc=1.575 smi=2.607 ===
=== RN18_E0_fp16: python run.py --dataset hmdb --split 3 --config configs/stage2_true_hyrsm_b4_tuple.yaml --method resnet18 --amp fp16 --training_iterations 300 --print_freq 100 --save_freq 999999 --test_iters 999999 --profile_memory --profile_time -c /home/ccwu/trx_data/checkpoints/cost1005_RN18_E0_fp16 --scratch /home/ccwu/Documents/work/trx/trx_data ===
=== RN18_E0_fp16 done: ok ms/iter=240.907 alloc=3.309 smi=4.971 ===
=== RN18_A_fp16: python run.py --dataset hmdb --split 3 --config configs/stage2_true_hyrsm_b4_tuple.yaml --method resnet18 --backbone_mode frozen --amp fp16 --training_iterations 300 --print_freq 100 --save_freq 999999 --test_iters 999999 --profile_memory --profile_time -c /home/ccwu/trx_data/checkpoints/cost1005_RN18_A_fp16 --scratch /home/ccwu/Documents/work/trx/trx_data ===
=== RN18_A_fp16 done: ok ms/iter=182.166 alloc=1.111 smi=1.998 ===
=== RN18_B_fp16: python run.py --dataset hmdb --split 3 --config configs/stage2_true_hyrsm_b4_tuple.yaml --method resnet18 --backbone_mode top_adapter --amp fp16 --training_iterations 300 --print_freq 100 --save_freq 999999 --test_iters 999999 --profile_memory --profile_time -c /home/ccwu/trx_data/checkpoints/cost1005_RN18_B_fp16 --scratch /home/ccwu/Documents/work/trx/trx_data ===
=== RN18_B_fp16 done: ok ms/iter=184.273 alloc=1.120 smi=2.002 ===
=== RN18_C_fp16: python run.py --dataset hmdb --split 3 --config configs/stage2_true_hyrsm_b4_tuple.yaml --method resnet18 --backbone_mode lst --amp fp16 --training_iterations 300 --print_freq 100 --save_freq 999999 --test_iters 999999 --profile_memory --profile_time -c /home/ccwu/trx_data/checkpoints/cost1005_RN18_C_fp16 --scratch /home/ccwu/Documents/work/trx/trx_data ===
=== RN18_C_fp16 done: ok ms/iter=188.051 alloc=1.132 smi=2.018 ===
=== RN18_D_fp16: python run.py --dataset hmdb --split 3 --config configs/stage2_true_hyrsm_b4_tuple.yaml --method resnet18 --backbone_mode partial_l4 --amp fp16 --training_iterations 300 --print_freq 100 --save_freq 999999 --test_iters 999999 --profile_memory --profile_time -c /home/ccwu/trx_data/checkpoints/cost1005_RN18_D_fp16 --scratch /home/ccwu/Documents/work/trx/trx_data ===
=== RN18_D_fp16 done: ok ms/iter=190.505 alloc=1.180 smi=2.000 ===
=== RN50_C_T16: python run.py --dataset hmdb --split 3 --config configs/stage2_true_hyrsm_b4_tuple.yaml --method resnet50 --backbone_mode lst --seq_len 16 --training_iterations 300 --print_freq 100 --save_freq 999999 --test_iters 999999 --profile_memory --profile_time -c /home/ccwu/trx_data/checkpoints/cost1005_RN50_C_T16 --scratch /home/ccwu/Documents/work/trx/trx_data ===
=== RN50_C_T16 done: ok ms/iter=599.358 alloc=4.616 smi=6.753 ===
=== RN18_C_T16: python run.py --dataset hmdb --split 3 --config configs/stage2_true_hyrsm_b4_tuple.yaml --method resnet18 --backbone_mode lst --seq_len 16 --training_iterations 300 --print_freq 100 --save_freq 999999 --test_iters 999999 --profile_memory --profile_time -c /home/ccwu/trx_data/checkpoints/cost1005_RN18_C_T16 --scratch /home/ccwu/Documents/work/trx/trx_data ===
=== RN18_C_T16 done: ok ms/iter=392.319 alloc=2.957 smi=4.964 ===
=== ALL DONE ===
