124
124
124
124
124
127
602
602
602
602
602
870
1752
6558
10372
10388
10388
10388
10388
10388
10388
10388
10388
10390
10390
10390
10390
10390
10390
10390
10390
10390
10390
10390
10390
10390
10390
10390
10390
10390
10390
10390
10390
10390
10390
10390
10390
10390
10390
10390
10390
10390
10390
10390
10390
10390
10390
10390
10390
10390
10390
10390
10390
10390
10390
10390
10390
10390
10390
10390
10390
10390
10390
10390
10390
10390
10390
10390
10390
10390
10390
10390
10390
10390
10390
10390
10390
10390
10390
10390
10392
10392
10392
10392
10392
10392
10392
10392
10392
10392
10392
10392
10392
10392
10392
10392
10392
10392
10392
10392
10392
10392
10392
10392
10392
10392
10392
10392
10392
10392
10392
10392
10392
10392
10392
10392
10392
10392
10392
10392
10392
10392
10392
10392
10392
10392
10392
10392
10392
10392
10392
10392
10392
10392
10392
10392
10392
10392
10392
10392
10392
10392
10392
10392
10392
10392
10392
10392
10392
10392
10392
10392
10392
10392
10392
10392
10392
10392
10392
10392
10392
10392
10392
10392
10392
10392
10392
10392
10392
10392
10392
10392
10392
10392
10392
10392
10392
10392
10392
10392
10392
10392
10392
10392
10392
10392
10392
10392
10392
10392
10392
10392
10392
10392
10392
10392
10392
10392
10392
10392
10392
10392
10392
10392
10392
10392
10392
10392
10392
10392
10392
10392
10392
10392
10392
10392
10392
10392
10392
10392
10392
10392
10392
10392
10392
10392
10392
10392
10392
10392
10392
10392
10392
10392
10392
10392
10392
10392
10392
10392
10392
10392
10392
10392
10392
10392
10392
10392
10392
10392
10392
10392
10392
10392
10392
10392
10392
10392
10392
10392
10392
10392
10392
10392
10392
10392
10392
10392
10392
10392
10392
10392
10392
10392
10392
10392
10392
10392
10392
10392
10392
10392
10392
10392
10392
10392
10392
10392
10392
10392
10392
10392
10392
10392
10392
10392
10392
10392
10392
10392
10392
10392
10392
10392
10392
10392
10392
10392
10392
10392
10392
10392
10392
10392
10392
10392
10392
10392
10392
10392
10392
10392
10392
10392
10392
10392
10392
10392
10392
10392
10392
10392
10392
10392
10392
10392
10392
10392
10392
10392
10392
10392
10392
10392
10392
10392
10392
10392
10392
10392
10392
10392
10392
10392
10392
10392
10392
10392
10392
10392
10392
10392
10392
10392
10392
10392
10392
10392
10392
10392
10392
10392
10392
10392
10392
10392
10392
10392
10392
10392
10392
10392
10392
10392
10392
10392
10392
10392
10392
10392
10392
10392
10392
10392
10392
10392
10392
10392
10392
10392
10392
10392
10392
10392
10392
10392
10392
10392
10392
10392
10392
10392
10392
10392
10392
10392
10392
10392
10392
10392
10392
10392
10392
10392
10392
10392
10392
10392
10392
10392
10392
10392
10392
10392
10392
10392
10392
10392
10392
10392
10392
10392
10392
10392
10392
10392
10392
10392
10392
10392
10392
10392
10392
10392
10392
10392
10392
