124
124
124
124
124
124
124
124
124
124
127
622
622
622
622
622
646
1306
3802
3802
3802
3802
3802
3802
3802
3802
3802
3802
3802
3804
3804
3804
3804
3804
3804
3804
3804
3804
3804
3804
3804
3804
3804
3804
3804
3804
3804
3804
3804
3804
3804
3804
3804
3804
3804
3804
3804
3804
3804
3804
3804
3804
3804
3804
3804
3804
3804
3804
3804
3804
3804
3804
3804
3804
3804
3804
3804
3804
3804
3804
3804
3804
3804
3804
3804
3804
3804
3804
3804
3804
3804
3804
3804
3804
3804
3804
3804
3804
3804
3804
3804
3804
3804
3804
3804
3804
3804
3804
3804
3804
3804
3804
3804
3804
3804
3804
3804
3804
3804
3804
3804
3804
3804
3804
3804
3804
3804
3804
3804
3804
3804
3804
3804
3804
3804
3804
3804
3804
3804
3804
3804
3804
3804
3804
3804
3804
3804
3804
3804
3804
3804
3804
3804
3804
3804
3804
3804
3804
3804
3804
3804
3804
3804
3804
3804
3804
3804
3804
3804
3804
3804
3804
3804
3804
3804
3804
3804
3804
3804
3804
3804
3804
3804
3804
3804
3804
3804
3804
3804
3804
3804
3804
3804
