124
124
124
124
124
127
604
604
604
604
604
604
604
1132
6830
6878
6878
6878
6878
6878
6878
6878
6878
6878
6878
6878
6878
6878
6878
6878
6878
6878
6878
6886
6890
6892
6894
6894
6896
6896
6896
6896
6896
6898
6898
6898
6898
6898
6900
6900
6900
6900
6900
6902
6902
6902
6902
6902
6902
6902
6902
6902
6902
6904
6904
6904
6904
6904
6904
6904
6904
6904
6904
6904
6904
6904
6904
6904
6904
6904
6904
6904
6904
6904
6904
6904
6904
6904
6904
6906
6906
6906
6906
6906
6906
6906
6906
6906
6906
6906
6908
6908
6908
6908
6908
6908
6908
6908
6908
6908
6908
6908
6908
6908
6908
6908
6908
6908
6908
6908
6908
6910
6910
6910
6910
6910
6910
6910
6910
6910
6910
6910
6910
6910
6910
6910
6910
6910
6910
6910
6910
6910
6910
6912
6912
6912
6912
6912
6912
6912
6912
6912
6912
6912
6912
6912
6912
6912
6912
6912
6912
6912
6912
6912
6912
6912
6912
6912
6912
6912
6912
6912
6912
6912
6912
6912
6912
6912
6912
6912
6912
6912
6912
6912
6912
6912
6912
6912
6912
6912
6912
6912
6912
6912
6912
6912
6912
6912
6912
6912
6912
6912
6912
6912
6912
6912
6912
6912
6912
6912
6912
6912
6912
6912
6912
6912
6912
6912
6912
6912
6912
6912
6912
6912
6912
6912
6912
6912
6912
6912
6912
6912
6912
6912
6912
6912
6912
6912
6912
6912
6912
6912
6912
6912
6912
6912
6912
6912
6912
6912
6912
6912
6912
6912
6912
6912
6912
6912
6912
6912
6912
6912
6912
6912
6912
6912
6912
6912
6912
6912
6912
6912
6912
6912
6912
6912
6912
6912
6912
6912
6912
6912
6912
6912
6912
6912
6912
6912
6912
6912
6912
6912
6912
6912
6912
6912
6912
6912
6912
6912
6912
6912
6912
6912
6912
6912
6912
6912
6912
6912
6912
6912
6912
6912
6912
6912
6912
6912
6912
6912
6912
6912
6912
6912
6912
6912
6912
6912
6912
6912
6912
6912
6912
6912
6912
6912
6912
6912
6912
6912
6912
6912
6912
6912
6912
6912
6912
6912
6912
6912
6912
6912
6912
6912
6912
6912
6912
6912
6912
6912
6912
6912
6912
6912
6912
6912
6912
6912
6912
6912
6915
6915
6915
6915
6915
6915
6915
6915
6915
6915
6915
6915
6915
6915
6915
6915
6915
6915
6915
6915
6915
6915
6915
6915
6915
6915
6915
6915
6915
6915
6915
6915
6915
6915
6915
6915
6915
6915
6915
6915
6915
6915
6915
6915
6915
6915
6915
6915
6915
6915
6915
6915
6915
6915
6915
6915
6915
6915
6915
6915
6915
6915
6915
6915
6915
6915
6915
6915
6915
6915
127
