124
124
124
124
124
127
604
604
604
604
604
864
2582
2668
2670
2670
2670
2670
2670
2670
2670
2670
2670
2670
2670
2670
2670
2670
2670
2670
2670
2670
2670
2670
2670
2670
2670
2670
2670
2670
2670
2670
2670
2670
2670
2670
2670
2670
2670
2670
2670
2670
2670
2670
2670
2670
2670
2670
2670
2670
2670
2670
2670
2670
2670
2670
2670
2670
2670
2670
2670
2670
2670
2670
2670
2670
2670
2670
2670
2670
2670
2670
2670
2670
2670
2670
2670
2670
2670
2670
2670
2670
2670
2670
2670
2670
2670
2670
2670
2670
2670
2670
2670
2670
2670
2670
2670
2670
2670
2670
2670
2670
2670
2670
2670
2670
2670
2670
2670
2670
2670
2670
2670
2670
2670
2670
2670
2670
2670
2670
2670
2670
2670
2670
2670
2670
2670
2670
2670
2670
2670
2670
2670
2670
2670
2670
2670
2670
2670
2670
2670
2670
2670
2670
2670
2670
2670
2670
2670
2670
2670
2670
2670
