124
124
124
124
124
124
602
602
602
602
602
602
862
3792
6082
6100
6100
6100
6100
6100
6100
6100
6100
6100
6100
6100
6100
6100
6408
6408
6408
6408
6408
6408
6408
6408
6408
6408
6408
6408
6408
6408
6408
6408
6408
6408
6408
6408
6408
6408
6408
6408
6408
6408
6408
6408
6408
6408
6408
6408
6408
6408
6408
6408
6408
6408
6408
6408
6408
6408
6408
6408
6408
6408
6408
6408
6408
6408
6408
6408
6408
6408
6408
6408
6408
6408
6408
6408
6408
6408
6408
6408
6408
6408
6408
6408
6408
6408
6408
6408
6408
6408
6408
6408
6408
6408
6408
6408
6408
6408
6408
6408
6408
6408
6408
6408
6408
6408
6408
6408
6408
6408
6408
6408
6408
6408
6408
6408
6408
6408
6408
6408
6408
6408
6408
6408
6408
6408
6408
6408
6408
6408
6408
6408
6408
6408
6408
6408
6408
6408
6408
6408
6408
6408
6408
6408
6408
6408
6408
6408
6408
6408
6408
6408
6408
6408
6408
6408
6408
6408
6408
6408
6408
6408
6408
6408
6408
6408
6408
6408
6408
6408
6408
6408
6408
6408
6408
6408
6408
6408
6408
6408
6408
6408
6408
6408
6408
6408
6408
6408
6408
6408
6408
6408
6408
6408
6408
6408
6408
6408
6408
6408
6408
6408
6408
6408
6408
6408
6408
6408
6408
6408
6408
6408
6408
6408
6408
6408
6408
6408
6408
6408
6408
6408
6408
6408
6408
6408
6408
6408
6408
6408
6408
6408
6408
6408
6408
6408
6408
6408
6408
6408
6408
6408
6408
6408
6408
6408
6408
6408
6408
6408
6408
6408
6408
6408
6408
6408
6408
6408
6408
6408
6408
6408
6408
6408
6408
6408
6408
6408
6408
6408
6408
6408
6408
6408
6408
6408
6408
6408
6408
6408
6408
6408
6408
6408
6408
6408
6408
6408
6408
6408
6408
6408
6408
6408
6408
6408
6408
6408
