127
127
127
127
127
127
127
127
127
127
127
127
127
127
127
127
127
127
127
127
127
127
127
127
127
127
127
127
127
127
127
127
127
127
127
127
127
127
127
127
127
127
127
127
127
127
127
127
127
127
127
127
127
127
127
127
127
127
127
127
127
127
127
127
127
127
127
127
127
127
127
127
127
127
127
127
127
127
127
127
127
127
127
127
127
130
130
130
445
537
537
537
537
537
537
537
537
537
537
537
537
537
537
537
537
537
537
537
537
537
537
537
537
537
1059
1063
1063
1063
1351
1351
3817
3829
3853
5081
5081
5081
5081
5081
5081
5081
5081
5081
5081
5081
5081
5081
5081
5081
5081
5081
5081
5081
5081
5081
5081
5081
5081
5081
5081
5081
5081
5081
5081
5081
5081
5081
5081
5081
5081
5081
5081
5081
5081
5081
5081
5081
5081
5081
5081
5081
5081
5081
5081
5081
5081
5081
5081
5081
5081
5081
5081
5081
5081
5081
5081
5083
5083
5083
5083
5083
5083
5083
5083
5083
5083
5083
5083
5083
5083
5083
5083
5083
5083
5083
5083
5083
5083
5083
5083
5083
5083
5083
5083
5083
5083
5083
5083
5083
5083
5083
5083
5083
5083
5083
5083
5083
5083
5083
5083
5083
5083
5083
5083
5083
5083
5083
5083
5083
5083
5083
5083
5083
5083
5083
5083
5083
5083
5083
5083
5083
5083
5083
5083
5083
5083
5083
5083
5083
5083
5083
5083
5083
5083
5083
5083
5083
5083
5083
5083
5083
5083
5083
5083
5083
5083
5083
5083
5083
5083
5083
5083
5083
5083
5083
5083
5083
5083
5083
5083
5083
5083
5083
5083
5083
5083
5083
5083
5083
5083
5083
5083
5083
5083
5083
5083
5083
5083
5083
5083
5083
5083
5083
5083
5083
5083
5083
5083
5083
5083
5083
5083
5083
5083
5083
5083
5083
5083
5083
5083
5083
5083
5083
5083
5083
5083
5083
5083
5083
5083
5083
5083
5083
5083
5083
5083
5083
5083
5083
5083
5083
5083
5083
5083
5083
5083
5083
5083
5083
5083
5083
5083
5083
