126
126
126
126
126
129
129
444
444
444
444
584
1306
6512
8982
8982
8982
8982
8982
8982
8982
8982
8982
8982
8982
8982
8982
8982
8982
8982
8982
8982
8982
8982
8982
8982
8982
8982
8982
8982
8982
8982
8982
8982
8982
8982
8982
8982
8982
8982
8982
8982
8982
8982
8982
8982
8982
8982
8982
8982
8982
8982
8982
8982
8982
8982
8982
8982
8982
8982
8982
8982
8982
8982
8982
8982
8982
8982
8982
8982
8982
8982
8982
8982
8982
8982
8982
8982
8982
8982
8982
8982
8982
8982
8982
8982
8982
8982
8982
8982
8982
8982
8982
8982
8982
8982
8982
8982
8982
8982
8982
8982
8982
8982
8982
8982
8982
8982
8982
8982
8982
8982
8982
8982
8982
8982
8982
8982
8982
8982
8982
8982
8982
8982
8982
8982
8982
8982
8982
8982
8982
8982
8982
8982
8982
