126
126
126
126
126
129
516
516
516
516
516
786
3678
3686
3686
3686
3686
3686
3686
3686
3686
3686
3686
3686
3686
3686
3686
3686
3686
3686
3686
3686
3686
3686
3686
3686
3686
3686
3686
3686
3688
3688
3688
3688
3688
3688
3688
3688
3688
3688
3688
3688
3688
3688
3688
3688
3688
3688
3688
3688
3688
3688
3688
3688
3688
3688
3688
3688
3688
3688
3688
3688
3688
3688
3688
3688
3688
3688
3688
3688
3688
3688
3688
3688
3688
3688
3688
3688
3688
3688
3688
3688
3688
3688
3688
3688
3688
3688
3688
3688
3688
3688
3688
3688
3688
3688
3688
3688
3688
3688
3688
3688
3688
3688
3688
3688
3688
3688
3688
3688
3688
3688
3688
3688
3688
3688
3688
3688
3688
3688
3688
3688
3688
3688
3688
3688
3688
