[WARN] config 有廢棄鍵 ['num_samples']（程式碼不讀取，對模型無作用）
[INFO] seed=42 (random, numpy, torch, cuda)
Options: Namespace(config='configs/b1_backbone_1shot.yaml', dataset='hmdb', learning_rate=0.001, tasks_per_batch=16, checkpoint_dir='/home/ccwu/trx_data/checkpoints/lst1005_rn18_D_B1_s42/hmdb_split3_20261006_085034', test_model_path=None, training_iterations=50020, resume_from_checkpoint=False, way=5, shot=1, query_per_class=5, query_per_class_test=1, test_iters=[25000, 50000], num_test_tasks=10000, print_freq=1000, seq_len=8, num_workers=10, method='resnet18', trans_linear_out_dim=1152, trans_linear_in_dim=512, opt='sgd', trans_dropout=0.1, save_freq=5000, img_size=224, temp_set=[2], scratch='/home/ccwu/Documents/work/trx/trx_data', num_gpus=1, debug_loader=False, split=3, sch=[1000000], seed=42, grad_ckpt=False, ckpt_segments=8, ckpt_prefix=None, freeze_backbone=False, profile_memory=False, bn_fix_scope='covered', loss_csv=None, profile_time=False, ckpt_policy='full', backbone_mode='partial_l4', side_width=128, side_res=7, side_norm='gn', adapter_hidden=761, train_aug='standard', infer_ablate='none', eval_write_csv=False, amp='off', decouple_gate=True, decouple_mode='remove', intra_depth=1, matching='bidirectional', set_aggregation='pool', tau=0.1, num_samples=1, use_intra_relation=False, use_inter_relation=False, relation_level='none', config_file='configs/b1_backbone_1shot.yaml', traintestlist='/home/ccwu/Documents/work/trx/trx_data/video_datasets/splits/hmdb_ARN', path='/home/ccwu/Documents/work/trx/trx_data/video_datasets/data/hmdb51_256q5.zip')

Checkpoint Directory: /home/ccwu/trx_data/checkpoints/lst1005_rn18_D_B1_s42/hmdb_split3_20261006_085034

/home/ccwu/miniconda3/envs/trx/lib/python3.10/site-packages/torchvision/models/_utils.py:208: UserWarning: The parameter 'pretrained' is deprecated since 0.13 and may be removed in the future, please use 'weights' instead.
  warnings.warn(
/home/ccwu/miniconda3/envs/trx/lib/python3.10/site-packages/torchvision/models/_utils.py:223: UserWarning: Arguments other than a weight enum or `None` for 'weights' are deprecated since 0.13 and may be removed in the future. The current behavior is equivalent to passing `weights=ResNet18_Weights.IMAGENET1K_V1`. You can also use `weights=ResNet18_Weights.DEFAULT` to get the most up-to-date weights.
  warnings.warn(msg)
[INFO] set inplace=False on 9 ReLU modules in resnet
[INFO] backbone_mode=partial_l4: 只有 layer4 可訓練（8.39 M），layer1–3 BN 固定 eval
[INFO] TRXSetMatching (pairs-only) — 距離設定見下一行 [INFO]
[INFO] matching=bidirectional, set_aggregation=pool, tau=0.1, tuples_len=28, support_chunk=64
loaded /home/ccwu/Documents/work/trx/trx_data/video_datasets/data/hmdb51_256q5.zip
train: 4269, test: 1276
[INFO] optimizer 收了 9.58 M 個可訓練參數
/home/ccwu/Documents/work/trx/run.py:274: FutureWarning: `torch.cuda.amp.GradScaler(args...)` is deprecated. Please use `torch.amp.GradScaler('cuda', args...)` instead.
  self.scaler = torch.cuda.amp.GradScaler(enabled=(getattr(self.args, "amp", "off") == "fp16"))
/home/ccwu/miniconda3/envs/trx/lib/python3.10/site-packages/torch/optim/lr_scheduler.py:224: UserWarning: Detected call of `lr_scheduler.step()` before `optimizer.step()`. In PyTorch 1.1.0 and later, you should call them in the opposite order: `optimizer.step()` before `lr_scheduler.step()`.  Failure to do this will result in PyTorch skipping the first value of the learning rate schedule. See more details at https://pytorch.org/docs/stable/optim.html#how-to-adjust-learning-rate
  warnings.warn(
Task [1000/50020], Train Loss: 3.4433329, Train Accuracy: 0.5505906
Task [2000/50020], Train Loss: 1.3969952, Train Accuracy: 0.6475601
Task [3000/50020], Train Loss: 1.1808519, Train Accuracy: 0.7010800
Task [4000/50020], Train Loss: 1.0562989, Train Accuracy: 0.7265199
Task [5000/50020], Train Loss: 0.9369925, Train Accuracy: 0.7680001
Task [6000/50020], Train Loss: 0.8358198, Train Accuracy: 0.7862801
Task [7000/50020], Train Loss: 0.7646655, Train Accuracy: 0.8090000
Task [8000/50020], Train Loss: 0.6898952, Train Accuracy: 0.8253601
Task [9000/50020], Train Loss: 0.6136612, Train Accuracy: 0.8459200
Task [10000/50020], Train Loss: 0.5894999, Train Accuracy: 0.8513201
Task [11000/50020], Train Loss: 0.5248771, Train Accuracy: 0.8676801
Task [12000/50020], Train Loss: 0.4806410, Train Accuracy: 0.8805200
Task [13000/50020], Train Loss: 0.4513552, Train Accuracy: 0.8869600
Task [14000/50020], Train Loss: 0.4208080, Train Accuracy: 0.8943201
Task [15000/50020], Train Loss: 0.3886369, Train Accuracy: 0.9024000
Task [16000/50020], Train Loss: 0.3718234, Train Accuracy: 0.9055200
Task [17000/50020], Train Loss: 0.3404758, Train Accuracy: 0.9163600
Task [18000/50020], Train Loss: 0.3220853, Train Accuracy: 0.9201601
Task [19000/50020], Train Loss: 0.2936333, Train Accuracy: 0.9258800
Task [20000/50020], Train Loss: 0.2797244, Train Accuracy: 0.9313600
Task [21000/50020], Train Loss: 0.2777821, Train Accuracy: 0.9296800
Task [22000/50020], Train Loss: 0.2522658, Train Accuracy: 0.9390001
Task [23000/50020], Train Loss: 0.2378647, Train Accuracy: 0.9404400
Task [24000/50020], Train Loss: 0.2198298, Train Accuracy: 0.9465200
Task [25000/50020], Train Loss: 0.2279832, Train Accuracy: 0.9450400
{'hmdb': {'accuracy': 47.08800112426281, 'confidence': 0.42241536880578534}}

Test Accuracies:
hmdb: 47.1+/-0.4

Task [26000/50020], Train Loss: 0.1991417, Train Accuracy: 0.9498800
Task [27000/50020], Train Loss: 0.1951334, Train Accuracy: 0.9522800
Task [28000/50020], Train Loss: 0.2014234, Train Accuracy: 0.9514400
Task [29000/50020], Train Loss: 0.1790318, Train Accuracy: 0.9550400
Task [30000/50020], Train Loss: 0.1769972, Train Accuracy: 0.9561599
Task [31000/50020], Train Loss: 0.1616809, Train Accuracy: 0.9597600
Task [32000/50020], Train Loss: 0.1501897, Train Accuracy: 0.9632400
Task [33000/50020], Train Loss: 0.1417196, Train Accuracy: 0.9661200
Task [34000/50020], Train Loss: 0.1421344, Train Accuracy: 0.9650400
Task [35000/50020], Train Loss: 0.1375484, Train Accuracy: 0.9664400
Task [36000/50020], Train Loss: 0.1278614, Train Accuracy: 0.9695601
Task [37000/50020], Train Loss: 0.1355006, Train Accuracy: 0.9672400
Task [38000/50020], Train Loss: 0.1184460, Train Accuracy: 0.9721200
Task [39000/50020], Train Loss: 0.1299096, Train Accuracy: 0.9686800
Task [40000/50020], Train Loss: 0.1156415, Train Accuracy: 0.9717200
Task [41000/50020], Train Loss: 0.1028980, Train Accuracy: 0.9766399
Task [42000/50020], Train Loss: 0.1044168, Train Accuracy: 0.9745601
Task [43000/50020], Train Loss: 0.1081153, Train Accuracy: 0.9739201
Task [44000/50020], Train Loss: 0.0980170, Train Accuracy: 0.9771600
Task [45000/50020], Train Loss: 0.0905884, Train Accuracy: 0.9787199
Task [46000/50020], Train Loss: 0.0947441, Train Accuracy: 0.9768800
Task [47000/50020], Train Loss: 0.0846157, Train Accuracy: 0.9797600
Task [48000/50020], Train Loss: 0.0820148, Train Accuracy: 0.9799200
Task [49000/50020], Train Loss: 0.0801624, Train Accuracy: 0.9810401
Task [50000/50020], Train Loss: 0.0788809, Train Accuracy: 0.9812800
{'hmdb': {'accuracy': 46.67000111848116, 'confidence': 0.41936265661927535}}

Test Accuracies:
hmdb: 46.7+/-0.4

