[WARN] config 有廢棄鍵 ['num_samples']（程式碼不讀取，對模型無作用）
[INFO] seed=43 (random, numpy, torch, cuda)
Options: Namespace(config='configs/frozen_rn18_b1.yaml', dataset='hmdb', learning_rate=0.001, tasks_per_batch=16, checkpoint_dir='/home/ccwu/trx_data/checkpoints/lst1005_rn18_C_B1_s43/hmdb_split3_20261006_184829', test_model_path=None, training_iterations=50020, resume_from_checkpoint=False, way=5, shot=1, query_per_class=5, query_per_class_test=1, test_iters=[25000, 50000], num_test_tasks=10000, print_freq=1000, seq_len=8, num_workers=10, method='resnet18', trans_linear_out_dim=1152, trans_linear_in_dim=512, opt='sgd', trans_dropout=0.1, save_freq=5000, img_size=224, temp_set=[2], scratch='/home/ccwu/Documents/work/trx/trx_data', num_gpus=1, debug_loader=False, split=3, sch=[1000000], seed=43, grad_ckpt=False, ckpt_segments=8, ckpt_prefix=None, freeze_backbone=True, profile_memory=False, bn_fix_scope='covered', loss_csv=None, profile_time=False, ckpt_policy='full', backbone_mode='lst', side_width=128, side_res=7, side_norm='gn', adapter_hidden=761, train_aug='standard', infer_ablate='none', eval_write_csv=False, amp='off', decouple_gate=True, decouple_mode='remove', intra_depth=1, matching='bidirectional', set_aggregation='pool', tau=0.1, num_samples=1, use_intra_relation=False, use_inter_relation=False, relation_level='none', config_file='configs/frozen_rn18_b1.yaml', traintestlist='/home/ccwu/Documents/work/trx/trx_data/video_datasets/splits/hmdb_ARN', path='/home/ccwu/Documents/work/trx/trx_data/video_datasets/data/hmdb51_256q5.zip')

Checkpoint Directory: /home/ccwu/trx_data/checkpoints/lst1005_rn18_C_B1_s43/hmdb_split3_20261006_184829

/home/ccwu/miniconda3/envs/trx/lib/python3.10/site-packages/torchvision/models/_utils.py:208: UserWarning: The parameter 'pretrained' is deprecated since 0.13 and may be removed in the future, please use 'weights' instead.
  warnings.warn(
/home/ccwu/miniconda3/envs/trx/lib/python3.10/site-packages/torchvision/models/_utils.py:223: UserWarning: Arguments other than a weight enum or `None` for 'weights' are deprecated since 0.13 and may be removed in the future. The current behavior is equivalent to passing `weights=ResNet18_Weights.IMAGENET1K_V1`. You can also use `weights=ResNet18_Weights.DEFAULT` to get the most up-to-date weights.
  warnings.warn(msg)
[INFO] set inplace=False on 9 ReLU modules in resnet
[INFO] backbone FROZEN: requires_grad=False, BN in eval mode
[INFO] TRXSetMatching (pairs-only) — 距離設定見下一行 [INFO]
[INFO] matching=bidirectional, set_aggregation=pool, tau=0.1, tuples_len=28, support_chunk=64
[INFO] backbone_mode=lst: side width=128 res=7 norm=gn，可訓練 0.781 M，α 初始 0
loaded /home/ccwu/Documents/work/trx/trx_data/video_datasets/data/hmdb51_256q5.zip
train: 4269, test: 1276
[INFO] optimizer 收了 1.96 M 個可訓練參數
/home/ccwu/Documents/work/trx/run.py:274: FutureWarning: `torch.cuda.amp.GradScaler(args...)` is deprecated. Please use `torch.amp.GradScaler('cuda', args...)` instead.
  self.scaler = torch.cuda.amp.GradScaler(enabled=(getattr(self.args, "amp", "off") == "fp16"))
/home/ccwu/miniconda3/envs/trx/lib/python3.10/site-packages/torch/optim/lr_scheduler.py:224: UserWarning: Detected call of `lr_scheduler.step()` before `optimizer.step()`. In PyTorch 1.1.0 and later, you should call them in the opposite order: `optimizer.step()` before `lr_scheduler.step()`.  Failure to do this will result in PyTorch skipping the first value of the learning rate schedule. See more details at https://pytorch.org/docs/stable/optim.html#how-to-adjust-learning-rate
  warnings.warn(
Task [1000/50020], Train Loss: 3.9829996, Train Accuracy: 0.4536536
[adapter] iter 1000 alpha 0.584556
Task [2000/50020], Train Loss: 1.9607781, Train Accuracy: 0.4833200
[adapter] iter 2000 alpha 0.588729
Task [3000/50020], Train Loss: 1.8749876, Train Accuracy: 0.5119600
[adapter] iter 3000 alpha 0.607476
Task [4000/50020], Train Loss: 1.8363508, Train Accuracy: 0.5228000
[adapter] iter 4000 alpha 0.63652
Task [5000/50020], Train Loss: 1.7789923, Train Accuracy: 0.5397600
[adapter] iter 5000 alpha 0.665561
Task [6000/50020], Train Loss: 1.7230779, Train Accuracy: 0.5576800
[adapter] iter 6000 alpha 0.702339
Task [7000/50020], Train Loss: 1.6729552, Train Accuracy: 0.5706800
[adapter] iter 7000 alpha 0.745587
Task [8000/50020], Train Loss: 1.6287737, Train Accuracy: 0.5861599
[adapter] iter 8000 alpha 0.787606
Task [9000/50020], Train Loss: 1.5746882, Train Accuracy: 0.5966799
[adapter] iter 9000 alpha 0.829358
Task [10000/50020], Train Loss: 1.5688267, Train Accuracy: 0.5997199
[adapter] iter 10000 alpha 0.877224
Task [11000/50020], Train Loss: 1.5318983, Train Accuracy: 0.6091200
[adapter] iter 11000 alpha 0.927086
Task [12000/50020], Train Loss: 1.4547682, Train Accuracy: 0.6294000
[adapter] iter 12000 alpha 0.97094
Task [13000/50020], Train Loss: 1.4335763, Train Accuracy: 0.6328400
[adapter] iter 13000 alpha 1.01282
Task [14000/50020], Train Loss: 1.3652109, Train Accuracy: 0.6497600
[adapter] iter 14000 alpha 1.05901
Task [15000/50020], Train Loss: 1.3554326, Train Accuracy: 0.6582400
[adapter] iter 15000 alpha 1.09691
Task [16000/50020], Train Loss: 1.3558084, Train Accuracy: 0.6552801
[adapter] iter 16000 alpha 1.14067
Task [17000/50020], Train Loss: 1.2934169, Train Accuracy: 0.6709200
[adapter] iter 17000 alpha 1.18123
Task [18000/50020], Train Loss: 1.2733423, Train Accuracy: 0.6809201
[adapter] iter 18000 alpha 1.21824
Task [19000/50020], Train Loss: 1.2425623, Train Accuracy: 0.6861600
[adapter] iter 19000 alpha 1.25609
Task [20000/50020], Train Loss: 1.2275407, Train Accuracy: 0.6854000
[adapter] iter 20000 alpha 1.30272
Task [21000/50020], Train Loss: 1.1957854, Train Accuracy: 0.6970000
[adapter] iter 21000 alpha 1.34711
Task [22000/50020], Train Loss: 1.1615385, Train Accuracy: 0.7056000
[adapter] iter 22000 alpha 1.38382
Task [23000/50020], Train Loss: 1.1537740, Train Accuracy: 0.7084401
[adapter] iter 23000 alpha 1.42658
Task [24000/50020], Train Loss: 1.1168236, Train Accuracy: 0.7193201
[adapter] iter 24000 alpha 1.4674
Task [25000/50020], Train Loss: 1.1129358, Train Accuracy: 0.7181199
[adapter] iter 25000 alpha 1.50979
{'hmdb': {'accuracy': 47.63800112485886, 'confidence': 0.4292807096777596}}

Test Accuracies:
hmdb: 47.6+/-0.4

Task [26000/50020], Train Loss: 1.0521885, Train Accuracy: 0.7368001
[adapter] iter 26000 alpha 1.54739
Task [27000/50020], Train Loss: 1.0221899, Train Accuracy: 0.7439600
[adapter] iter 27000 alpha 1.58493
Task [28000/50020], Train Loss: 1.0187944, Train Accuracy: 0.7474400
[adapter] iter 28000 alpha 1.62282
Task [29000/50020], Train Loss: 1.0105619, Train Accuracy: 0.7414801
[adapter] iter 29000 alpha 1.65896
Task [30000/50020], Train Loss: 0.9767885, Train Accuracy: 0.7564800
[adapter] iter 30000 alpha 1.69341
Task [31000/50020], Train Loss: 0.9332551, Train Accuracy: 0.7619600
[adapter] iter 31000 alpha 1.72808
Task [32000/50020], Train Loss: 0.9424453, Train Accuracy: 0.7627600
[adapter] iter 32000 alpha 1.7617
Task [33000/50020], Train Loss: 0.9240023, Train Accuracy: 0.7668401
[adapter] iter 33000 alpha 1.79364
Task [34000/50020], Train Loss: 0.8952958, Train Accuracy: 0.7772001
[adapter] iter 34000 alpha 1.82352
Task [35000/50020], Train Loss: 0.8644672, Train Accuracy: 0.7812000
[adapter] iter 35000 alpha 1.85317
Task [36000/50020], Train Loss: 0.8760536, Train Accuracy: 0.7797200
[adapter] iter 36000 alpha 1.88166
Task [37000/50020], Train Loss: 0.8415008, Train Accuracy: 0.7872001
[adapter] iter 37000 alpha 1.91163
Task [38000/50020], Train Loss: 0.8155664, Train Accuracy: 0.7951601
[adapter] iter 38000 alpha 1.94363
Task [39000/50020], Train Loss: 0.7836469, Train Accuracy: 0.8026400
[adapter] iter 39000 alpha 1.96918
Task [40000/50020], Train Loss: 0.7824162, Train Accuracy: 0.8032401
[adapter] iter 40000 alpha 1.99517
Task [41000/50020], Train Loss: 0.7811982, Train Accuracy: 0.8018001
[adapter] iter 41000 alpha 2.02287
Task [42000/50020], Train Loss: 0.7652940, Train Accuracy: 0.8054801
[adapter] iter 42000 alpha 2.05015
Task [43000/50020], Train Loss: 0.7191198, Train Accuracy: 0.8202400
[adapter] iter 43000 alpha 2.07367
Task [44000/50020], Train Loss: 0.7367564, Train Accuracy: 0.8160801
[adapter] iter 44000 alpha 2.09789
Task [45000/50020], Train Loss: 0.7206872, Train Accuracy: 0.8191600
[adapter] iter 45000 alpha 2.12168
Task [46000/50020], Train Loss: 0.7108773, Train Accuracy: 0.8216000
[adapter] iter 46000 alpha 2.14396
Task [47000/50020], Train Loss: 0.6839379, Train Accuracy: 0.8288800
[adapter] iter 47000 alpha 2.16759
Task [48000/50020], Train Loss: 0.6541675, Train Accuracy: 0.8373600
[adapter] iter 48000 alpha 2.19016
Task [49000/50020], Train Loss: 0.6792067, Train Accuracy: 0.8290400
[adapter] iter 49000 alpha 2.21031
Task [50000/50020], Train Loss: 0.6328694, Train Accuracy: 0.8406801
[adapter] iter 50000 alpha 2.23248
{'hmdb': {'accuracy': 47.17200111687183, 'confidence': 0.4308089088273818}}

Test Accuracies:
hmdb: 47.2+/-0.4

