[WARN] config 有廢棄鍵 ['num_samples']（程式碼不讀取，對模型無作用）
[INFO] seed=42 (random, numpy, torch, cuda)
Options: Namespace(config='configs/frozen_rn18_b1.yaml', dataset='hmdb', learning_rate=0.001, tasks_per_batch=16, checkpoint_dir='/home/ccwu/trx_data/checkpoints/lst1005_rn18_A_B1_anchor25k/hmdb_split3_20261005_182121', test_model_path=None, training_iterations=25020, resume_from_checkpoint=False, way=5, shot=1, query_per_class=5, query_per_class_test=1, test_iters=[25000], num_test_tasks=10000, print_freq=1000, seq_len=8, num_workers=10, method='resnet18', trans_linear_out_dim=1152, trans_linear_in_dim=512, opt='sgd', trans_dropout=0.1, save_freq=5000, img_size=224, temp_set=[2], scratch='/home/ccwu/Documents/work/trx/trx_data', num_gpus=1, debug_loader=False, split=3, sch=[1000000], seed=42, grad_ckpt=False, ckpt_segments=8, ckpt_prefix=None, freeze_backbone=True, profile_memory=False, bn_fix_scope='covered', loss_csv=None, profile_time=False, ckpt_policy='full', backbone_mode='frozen', side_width=128, side_res=7, side_norm='gn', adapter_hidden=761, train_aug='standard', eval_write_csv=False, amp='off', decouple_gate=True, decouple_mode='remove', intra_depth=1, matching='bidirectional', set_aggregation='pool', tau=0.1, num_samples=1, use_intra_relation=False, use_inter_relation=False, relation_level='none', config_file='configs/frozen_rn18_b1.yaml', traintestlist='/home/ccwu/Documents/work/trx/trx_data/video_datasets/splits/hmdb_ARN', path='/home/ccwu/Documents/work/trx/trx_data/video_datasets/data/hmdb51_256q5.zip')

Checkpoint Directory: /home/ccwu/trx_data/checkpoints/lst1005_rn18_A_B1_anchor25k/hmdb_split3_20261005_182121

/home/ccwu/miniconda3/envs/trx/lib/python3.10/site-packages/torchvision/models/_utils.py:208: UserWarning: The parameter 'pretrained' is deprecated since 0.13 and may be removed in the future, please use 'weights' instead.
  warnings.warn(
/home/ccwu/miniconda3/envs/trx/lib/python3.10/site-packages/torchvision/models/_utils.py:223: UserWarning: Arguments other than a weight enum or `None` for 'weights' are deprecated since 0.13 and may be removed in the future. The current behavior is equivalent to passing `weights=ResNet18_Weights.IMAGENET1K_V1`. You can also use `weights=ResNet18_Weights.DEFAULT` to get the most up-to-date weights.
  warnings.warn(msg)
[INFO] set inplace=False on 9 ReLU modules in resnet
[INFO] backbone FROZEN: requires_grad=False, BN in eval mode
[INFO] TRXSetMatching (pairs-only) — 距離設定見下一行 [INFO]
[INFO] matching=bidirectional, set_aggregation=pool, tau=0.1, tuples_len=28, support_chunk=64
loaded /home/ccwu/Documents/work/trx/trx_data/video_datasets/data/hmdb51_256q5.zip
train: 4269, test: 1276
[INFO] optimizer 收了 1.18 M 個可訓練參數
/home/ccwu/Documents/work/trx/run.py:274: FutureWarning: `torch.cuda.amp.GradScaler(args...)` is deprecated. Please use `torch.amp.GradScaler('cuda', args...)` instead.
  self.scaler = torch.cuda.amp.GradScaler(enabled=(getattr(self.args, "amp", "off") == "fp16"))
/home/ccwu/miniconda3/envs/trx/lib/python3.10/site-packages/torch/optim/lr_scheduler.py:224: UserWarning: Detected call of `lr_scheduler.step()` before `optimizer.step()`. In PyTorch 1.1.0 and later, you should call them in the opposite order: `optimizer.step()` before `lr_scheduler.step()`.  Failure to do this will result in PyTorch skipping the first value of the learning rate schedule. See more details at https://pytorch.org/docs/stable/optim.html#how-to-adjust-learning-rate
  warnings.warn(
Task [1000/25020], Train Loss: 4.5238452, Train Accuracy: 0.4667467
Task [2000/25020], Train Loss: 2.1388471, Train Accuracy: 0.5064400
Task [3000/25020], Train Loss: 1.9133394, Train Accuracy: 0.5306800
Task [4000/25020], Train Loss: 1.7946582, Train Accuracy: 0.5498000
Task [5000/25020], Train Loss: 1.7514752, Train Accuracy: 0.5594400
Task [6000/25020], Train Loss: 1.6622413, Train Accuracy: 0.5771200
Task [7000/25020], Train Loss: 1.6318374, Train Accuracy: 0.5860000
Task [8000/25020], Train Loss: 1.6125143, Train Accuracy: 0.5883600
Task [9000/25020], Train Loss: 1.5715824, Train Accuracy: 0.6013600
Task [10000/25020], Train Loss: 1.5786542, Train Accuracy: 0.5988399
Task [11000/25020], Train Loss: 1.5317695, Train Accuracy: 0.6110401
Task [12000/25020], Train Loss: 1.4994373, Train Accuracy: 0.6208400
Task [13000/25020], Train Loss: 1.4740231, Train Accuracy: 0.6245200
Task [14000/25020], Train Loss: 1.4972827, Train Accuracy: 0.6180000
Task [15000/25020], Train Loss: 1.4769434, Train Accuracy: 0.6239600
Task [16000/25020], Train Loss: 1.4656410, Train Accuracy: 0.6276400
Task [17000/25020], Train Loss: 1.4493308, Train Accuracy: 0.6346000
Task [18000/25020], Train Loss: 1.4202658, Train Accuracy: 0.6407200
Task [19000/25020], Train Loss: 1.3995540, Train Accuracy: 0.6452000
Task [20000/25020], Train Loss: 1.3939985, Train Accuracy: 0.6426000
Task [21000/25020], Train Loss: 1.4067543, Train Accuracy: 0.6489599
Task [22000/25020], Train Loss: 1.3881646, Train Accuracy: 0.6482800
Task [23000/25020], Train Loss: 1.3867908, Train Accuracy: 0.6497200
Task [24000/25020], Train Loss: 1.3793153, Train Accuracy: 0.6507600
Task [25000/25020], Train Loss: 1.3617970, Train Accuracy: 0.6537600
{'hmdb': {'accuracy': 46.4560011087358, 'confidence': 0.4159635769165419}}

Test Accuracies:
hmdb: 46.5+/-0.4

[INFO] results.csv header 與 _CSV_COLUMNS 不一致，已備份到 /home/ccwu/Documents/work/trx/logs/results_backup_1005_192412.csv 並重寫 43 列
