[WARN] config 有廢棄鍵 ['num_samples']（程式碼不讀取，對模型無作用）
[INFO] seed=42 (random, numpy, torch, cuda)
Options: Namespace(config='configs/b1_backbone_1shot.yaml', dataset='hmdb', learning_rate=0.001, tasks_per_batch=16, checkpoint_dir='/home/ccwu/trx_data/checkpoints/lst1005_rn18_E_B1_s42/hmdb_split3_20261005_192418', test_model_path=None, training_iterations=50020, resume_from_checkpoint=False, way=5, shot=1, query_per_class=5, query_per_class_test=1, test_iters=[25000, 50000], num_test_tasks=10000, print_freq=1000, seq_len=8, num_workers=10, method='resnet18', trans_linear_out_dim=1152, trans_linear_in_dim=512, opt='sgd', trans_dropout=0.1, save_freq=5000, img_size=224, temp_set=[2], scratch='/home/ccwu/Documents/work/trx/trx_data', num_gpus=1, debug_loader=False, split=3, sch=[1000000], seed=42, grad_ckpt=False, ckpt_segments=8, ckpt_prefix=None, freeze_backbone=False, profile_memory=False, bn_fix_scope='covered', loss_csv=None, profile_time=False, ckpt_policy='full', backbone_mode='full', side_width=128, side_res=7, side_norm='gn', adapter_hidden=761, train_aug='standard', infer_ablate='none', eval_write_csv=False, amp='off', decouple_gate=True, decouple_mode='remove', intra_depth=1, matching='bidirectional', set_aggregation='pool', tau=0.1, num_samples=1, use_intra_relation=False, use_inter_relation=False, relation_level='none', config_file='configs/b1_backbone_1shot.yaml', traintestlist='/home/ccwu/Documents/work/trx/trx_data/video_datasets/splits/hmdb_ARN', path='/home/ccwu/Documents/work/trx/trx_data/video_datasets/data/hmdb51_256q5.zip')

Checkpoint Directory: /home/ccwu/trx_data/checkpoints/lst1005_rn18_E_B1_s42/hmdb_split3_20261005_192418

/home/ccwu/miniconda3/envs/trx/lib/python3.10/site-packages/torchvision/models/_utils.py:208: UserWarning: The parameter 'pretrained' is deprecated since 0.13 and may be removed in the future, please use 'weights' instead.
  warnings.warn(
/home/ccwu/miniconda3/envs/trx/lib/python3.10/site-packages/torchvision/models/_utils.py:223: UserWarning: Arguments other than a weight enum or `None` for 'weights' are deprecated since 0.13 and may be removed in the future. The current behavior is equivalent to passing `weights=ResNet18_Weights.IMAGENET1K_V1`. You can also use `weights=ResNet18_Weights.DEFAULT` to get the most up-to-date weights.
  warnings.warn(msg)
[INFO] set inplace=False on 9 ReLU modules in resnet
[INFO] TRXSetMatching (pairs-only) — 距離設定見下一行 [INFO]
[INFO] matching=bidirectional, set_aggregation=pool, tau=0.1, tuples_len=28, support_chunk=64
loaded /home/ccwu/Documents/work/trx/trx_data/video_datasets/data/hmdb51_256q5.zip
train: 4269, test: 1276
[INFO] optimizer 收了 12.36 M 個可訓練參數
/home/ccwu/Documents/work/trx/run.py:274: FutureWarning: `torch.cuda.amp.GradScaler(args...)` is deprecated. Please use `torch.amp.GradScaler('cuda', args...)` instead.
  self.scaler = torch.cuda.amp.GradScaler(enabled=(getattr(self.args, "amp", "off") == "fp16"))
/home/ccwu/miniconda3/envs/trx/lib/python3.10/site-packages/torch/optim/lr_scheduler.py:224: UserWarning: Detected call of `lr_scheduler.step()` before `optimizer.step()`. In PyTorch 1.1.0 and later, you should call them in the opposite order: `optimizer.step()` before `lr_scheduler.step()`.  Failure to do this will result in PyTorch skipping the first value of the learning rate schedule. See more details at https://pytorch.org/docs/stable/optim.html#how-to-adjust-learning-rate
  warnings.warn(
Task [1000/50020], Train Loss: 3.9221280, Train Accuracy: 0.4689489
Task [2000/50020], Train Loss: 1.5686821, Train Accuracy: 0.5990000
Task [3000/50020], Train Loss: 1.3048302, Train Accuracy: 0.6697201
Task [4000/50020], Train Loss: 1.1370078, Train Accuracy: 0.7074800
Task [5000/50020], Train Loss: 0.9874387, Train Accuracy: 0.7542801
Task [6000/50020], Train Loss: 0.8510447, Train Accuracy: 0.7832401
Task [7000/50020], Train Loss: 0.7904478, Train Accuracy: 0.7993200
Task [8000/50020], Train Loss: 0.7087521, Train Accuracy: 0.8226801
Task [9000/50020], Train Loss: 0.6320449, Train Accuracy: 0.8423200
Task [10000/50020], Train Loss: 0.5816375, Train Accuracy: 0.8528000
Task [11000/50020], Train Loss: 0.5166124, Train Accuracy: 0.8702800
Task [12000/50020], Train Loss: 0.4728888, Train Accuracy: 0.8819601
Task [13000/50020], Train Loss: 0.4500366, Train Accuracy: 0.8862000
Task [14000/50020], Train Loss: 0.4357620, Train Accuracy: 0.8901200
Task [15000/50020], Train Loss: 0.3903890, Train Accuracy: 0.9016000
Task [16000/50020], Train Loss: 0.3714354, Train Accuracy: 0.9081200
Task [17000/50020], Train Loss: 0.3371298, Train Accuracy: 0.9145200
Task [18000/50020], Train Loss: 0.3162077, Train Accuracy: 0.9204401
Task [19000/50020], Train Loss: 0.2803448, Train Accuracy: 0.9303600
Task [20000/50020], Train Loss: 0.2830527, Train Accuracy: 0.9276801
Task [21000/50020], Train Loss: 0.2662046, Train Accuracy: 0.9327600
Task [22000/50020], Train Loss: 0.2412561, Train Accuracy: 0.9390801
Task [23000/50020], Train Loss: 0.2415985, Train Accuracy: 0.9400000
Task [24000/50020], Train Loss: 0.2124738, Train Accuracy: 0.9480399
Task [25000/50020], Train Loss: 0.2203738, Train Accuracy: 0.9457200
{'hmdb': {'accuracy': 49.50000117227435, 'confidence': 0.42657364538182035}}

Test Accuracies:
hmdb: 49.5+/-0.4

Task [26000/50020], Train Loss: 0.1872080, Train Accuracy: 0.9536000
Task [27000/50020], Train Loss: 0.1911862, Train Accuracy: 0.9530401
Task [28000/50020], Train Loss: 0.1803335, Train Accuracy: 0.9550800
Task [29000/50020], Train Loss: 0.1812765, Train Accuracy: 0.9552001
Task [30000/50020], Train Loss: 0.1676854, Train Accuracy: 0.9589999
Task [31000/50020], Train Loss: 0.1616032, Train Accuracy: 0.9615600
Task [32000/50020], Train Loss: 0.1396953, Train Accuracy: 0.9664800
Task [33000/50020], Train Loss: 0.1442544, Train Accuracy: 0.9649600
Task [34000/50020], Train Loss: 0.1321450, Train Accuracy: 0.9687200
Task [35000/50020], Train Loss: 0.1348417, Train Accuracy: 0.9675599
Task [36000/50020], Train Loss: 0.1230664, Train Accuracy: 0.9709200
Task [37000/50020], Train Loss: 0.1227709, Train Accuracy: 0.9716400
Task [38000/50020], Train Loss: 0.1114829, Train Accuracy: 0.9723200
Task [39000/50020], Train Loss: 0.1203313, Train Accuracy: 0.9705999
Task [40000/50020], Train Loss: 0.1045045, Train Accuracy: 0.9744000
Task [41000/50020], Train Loss: 0.1048762, Train Accuracy: 0.9752800
Task [42000/50020], Train Loss: 0.1066142, Train Accuracy: 0.9742400
Task [43000/50020], Train Loss: 0.1077176, Train Accuracy: 0.9738399
Task [44000/50020], Train Loss: 0.0968946, Train Accuracy: 0.9777200
Task [45000/50020], Train Loss: 0.0889191, Train Accuracy: 0.9786801
Task [46000/50020], Train Loss: 0.0881453, Train Accuracy: 0.9796800
Task [47000/50020], Train Loss: 0.0821256, Train Accuracy: 0.9804800
Task [48000/50020], Train Loss: 0.0744594, Train Accuracy: 0.9812000
Task [49000/50020], Train Loss: 0.0756891, Train Accuracy: 0.9828800
Task [50000/50020], Train Loss: 0.0760056, Train Accuracy: 0.9815200
{'hmdb': {'accuracy': 49.03800116568804, 'confidence': 0.4231578614979331}}

Test Accuracies:
hmdb: 49.0+/-0.4

