[WARN] config 有廢棄鍵 ['num_samples']（程式碼不讀取，對模型無作用）
[INFO] seed=42 (random, numpy, torch, cuda)
Options: Namespace(config='configs/frozen_rn18_b4.yaml', dataset='hmdb', learning_rate=0.001, tasks_per_batch=16, checkpoint_dir='/home/ccwu/trx_data/checkpoints/lst1005_rn18_C_B4_s42/hmdb_split3_20261006_053519', test_model_path=None, training_iterations=50020, resume_from_checkpoint=False, way=5, shot=1, query_per_class=5, query_per_class_test=1, test_iters=[25000, 50000], num_test_tasks=10000, print_freq=1000, seq_len=8, num_workers=10, method='resnet18', trans_linear_out_dim=1152, trans_linear_in_dim=512, opt='sgd', trans_dropout=0.1, save_freq=5000, img_size=224, temp_set=[2], scratch='/home/ccwu/Documents/work/trx/trx_data', num_gpus=1, debug_loader=False, split=3, sch=[1000000], seed=42, grad_ckpt=False, ckpt_segments=8, ckpt_prefix=None, freeze_backbone=True, profile_memory=False, bn_fix_scope='covered', loss_csv=None, profile_time=False, ckpt_policy='full', backbone_mode='lst', side_width=128, side_res=7, side_norm='gn', adapter_hidden=761, train_aug='standard', infer_ablate='none', eval_write_csv=False, amp='off', decouple_gate=True, decouple_mode='remove', intra_depth=1, matching='bidirectional', set_aggregation='pool', tau=0.1, num_samples=1, use_intra_relation=True, use_inter_relation=True, relation_level='tuple', inter_style='true_hyrsm', config_file='configs/frozen_rn18_b4.yaml', traintestlist='/home/ccwu/Documents/work/trx/trx_data/video_datasets/splits/hmdb_ARN', path='/home/ccwu/Documents/work/trx/trx_data/video_datasets/data/hmdb51_256q5.zip')

Checkpoint Directory: /home/ccwu/trx_data/checkpoints/lst1005_rn18_C_B4_s42/hmdb_split3_20261006_053519

/home/ccwu/miniconda3/envs/trx/lib/python3.10/site-packages/torchvision/models/_utils.py:208: UserWarning: The parameter 'pretrained' is deprecated since 0.13 and may be removed in the future, please use 'weights' instead.
  warnings.warn(
/home/ccwu/miniconda3/envs/trx/lib/python3.10/site-packages/torchvision/models/_utils.py:223: UserWarning: Arguments other than a weight enum or `None` for 'weights' are deprecated since 0.13 and may be removed in the future. The current behavior is equivalent to passing `weights=ResNet18_Weights.IMAGENET1K_V1`. You can also use `weights=ResNet18_Weights.DEFAULT` to get the most up-to-date weights.
  warnings.warn(msg)
[INFO] set inplace=False on 9 ReLU modules in resnet
[INFO] backbone FROZEN: requires_grad=False, BN in eval mode
[INFO] TRXSetMatching (pairs-only) — 距離設定見下一行 [INFO]
[INFO] matching=bidirectional, set_aggregation=pool, tau=0.1, tuples_len=28, support_chunk=64
[INFO] TRXSetMatchingWithRelation: relation_level=tuple, use_intra=True, use_inter=True, intra_depth=1, inter_style=true_hyrsm, rel_dim=1152
[INFO] backbone_mode=lst: side width=128 res=7 norm=gn，可訓練 0.781 M，α 初始 0
loaded /home/ccwu/Documents/work/trx/trx_data/video_datasets/data/hmdb51_256q5.zip
train: 4269, test: 1276
[INFO] optimizer 收了 25.87 M 個可訓練參數
/home/ccwu/Documents/work/trx/run.py:274: FutureWarning: `torch.cuda.amp.GradScaler(args...)` is deprecated. Please use `torch.amp.GradScaler('cuda', args...)` instead.
  self.scaler = torch.cuda.amp.GradScaler(enabled=(getattr(self.args, "amp", "off") == "fp16"))
/home/ccwu/miniconda3/envs/trx/lib/python3.10/site-packages/torch/optim/lr_scheduler.py:224: UserWarning: Detected call of `lr_scheduler.step()` before `optimizer.step()`. In PyTorch 1.1.0 and later, you should call them in the opposite order: `optimizer.step()` before `lr_scheduler.step()`.  Failure to do this will result in PyTorch skipping the first value of the learning rate schedule. See more details at https://pytorch.org/docs/stable/optim.html#how-to-adjust-learning-rate
  warnings.warn(
Task [1000/50020], Train Loss: 2.1541283, Train Accuracy: 0.5131131
[adapter] iter 1000 alpha 0.00354913
Task [2000/50020], Train Loss: 1.6716930, Train Accuracy: 0.5724000
[adapter] iter 2000 alpha 0.00274746
Task [3000/50020], Train Loss: 1.5435778, Train Accuracy: 0.6022800
[adapter] iter 3000 alpha 0.00242255
Task [4000/50020], Train Loss: 1.4792036, Train Accuracy: 0.6224000
[adapter] iter 4000 alpha 0.00421228
Task [5000/50020], Train Loss: 1.4264346, Train Accuracy: 0.6398001
[adapter] iter 5000 alpha 0.00364868
Task [6000/50020], Train Loss: 1.3731517, Train Accuracy: 0.6497600
[adapter] iter 6000 alpha 0.0140834
Task [7000/50020], Train Loss: 1.3404487, Train Accuracy: 0.6602000
[adapter] iter 7000 alpha 0.0134377
Task [8000/50020], Train Loss: 1.2999746, Train Accuracy: 0.6725200
[adapter] iter 8000 alpha 0.0171111
Task [9000/50020], Train Loss: 1.2605568, Train Accuracy: 0.6810800
[adapter] iter 9000 alpha 0.0124028
Task [10000/50020], Train Loss: 1.2756231, Train Accuracy: 0.6766800
[adapter] iter 10000 alpha 0.0156385
Task [11000/50020], Train Loss: 1.2279062, Train Accuracy: 0.6886400
[adapter] iter 11000 alpha 0.0242868
Task [12000/50020], Train Loss: 1.1927323, Train Accuracy: 0.6988801
[adapter] iter 12000 alpha 0.0215567
Task [13000/50020], Train Loss: 1.1744540, Train Accuracy: 0.7062401
[adapter] iter 13000 alpha 0.0178556
Task [14000/50020], Train Loss: 1.1886333, Train Accuracy: 0.7011201
[adapter] iter 14000 alpha 0.017851
Task [15000/50020], Train Loss: 1.1661438, Train Accuracy: 0.7110800
[adapter] iter 15000 alpha 0.0235237
Task [16000/50020], Train Loss: 1.1549863, Train Accuracy: 0.7104000
[adapter] iter 16000 alpha 0.0373105
Task [17000/50020], Train Loss: 1.1355946, Train Accuracy: 0.7145200
[adapter] iter 17000 alpha 0.0414881
Task [18000/50020], Train Loss: 1.1150101, Train Accuracy: 0.7206000
[adapter] iter 18000 alpha 0.0476617
Task [19000/50020], Train Loss: 1.0903112, Train Accuracy: 0.7281600
[adapter] iter 19000 alpha 0.0545453
Task [20000/50020], Train Loss: 1.0920304, Train Accuracy: 0.7245601
[adapter] iter 20000 alpha 0.0716949
Task [21000/50020], Train Loss: 1.0893046, Train Accuracy: 0.7272800
[adapter] iter 21000 alpha 0.0651485
Task [22000/50020], Train Loss: 1.0766802, Train Accuracy: 0.7338001
[adapter] iter 22000 alpha 0.0907216
Task [23000/50020], Train Loss: 1.0679107, Train Accuracy: 0.7332000
[adapter] iter 23000 alpha 0.100469
Task [24000/50020], Train Loss: 1.0653535, Train Accuracy: 0.7344800
[adapter] iter 24000 alpha 0.122359
Task [25000/50020], Train Loss: 1.0358355, Train Accuracy: 0.7408800
[adapter] iter 25000 alpha 0.133332
{'hmdb': {'accuracy': 45.43600107863545, 'confidence': 0.42021317944123654}}

Test Accuracies:
hmdb: 45.4+/-0.4

Task [26000/50020], Train Loss: 1.0536569, Train Accuracy: 0.7383600
[adapter] iter 26000 alpha 0.140582
Task [27000/50020], Train Loss: 1.0380707, Train Accuracy: 0.7424001
[adapter] iter 27000 alpha 0.162627
Task [28000/50020], Train Loss: 1.0109040, Train Accuracy: 0.7472800
[adapter] iter 28000 alpha 0.152878
Task [29000/50020], Train Loss: 1.0170776, Train Accuracy: 0.7475200
[adapter] iter 29000 alpha 0.177776
Task [30000/50020], Train Loss: 0.9991943, Train Accuracy: 0.7518401
[adapter] iter 30000 alpha 0.1809
Task [31000/50020], Train Loss: 0.9742613, Train Accuracy: 0.7579200
[adapter] iter 31000 alpha 0.194557
Task [32000/50020], Train Loss: 0.9673274, Train Accuracy: 0.7614800
[adapter] iter 32000 alpha 0.216419
Task [33000/50020], Train Loss: 0.9708200, Train Accuracy: 0.7602801
[adapter] iter 33000 alpha 0.211801
Task [34000/50020], Train Loss: 0.9580919, Train Accuracy: 0.7636800
[adapter] iter 34000 alpha 0.227586
Task [35000/50020], Train Loss: 0.9432318, Train Accuracy: 0.7650800
[adapter] iter 35000 alpha 0.239801
Task [36000/50020], Train Loss: 0.9438583, Train Accuracy: 0.7681201
[adapter] iter 36000 alpha 0.244031
Task [37000/50020], Train Loss: 0.9535955, Train Accuracy: 0.7625200
[adapter] iter 37000 alpha 0.255164
Task [38000/50020], Train Loss: 0.9439669, Train Accuracy: 0.7678000
[adapter] iter 38000 alpha 0.260782
Task [39000/50020], Train Loss: 0.9363725, Train Accuracy: 0.7678401
[adapter] iter 39000 alpha 0.273775
Task [40000/50020], Train Loss: 0.9018685, Train Accuracy: 0.7760800
[adapter] iter 40000 alpha 0.2784
Task [41000/50020], Train Loss: 0.9153779, Train Accuracy: 0.7720401
[adapter] iter 41000 alpha 0.293844
Task [42000/50020], Train Loss: 0.9051391, Train Accuracy: 0.7772800
[adapter] iter 42000 alpha 0.29595
Task [43000/50020], Train Loss: 0.9108133, Train Accuracy: 0.7738400
[adapter] iter 43000 alpha 0.301715
Task [44000/50020], Train Loss: 0.8787709, Train Accuracy: 0.7826000
[adapter] iter 44000 alpha 0.312999
Task [45000/50020], Train Loss: 0.8894014, Train Accuracy: 0.7807201
[adapter] iter 45000 alpha 0.305188
Task [46000/50020], Train Loss: 0.8816749, Train Accuracy: 0.7826800
[adapter] iter 46000 alpha 0.318012
Task [47000/50020], Train Loss: 0.8638870, Train Accuracy: 0.7860401
[adapter] iter 47000 alpha 0.327614
Task [48000/50020], Train Loss: 0.8652720, Train Accuracy: 0.7853200
[adapter] iter 48000 alpha 0.333654
Task [49000/50020], Train Loss: 0.8307661, Train Accuracy: 0.7974401
[adapter] iter 49000 alpha 0.354057
Task [50000/50020], Train Loss: 0.8173901, Train Accuracy: 0.7986400
[adapter] iter 50000 alpha 0.368771
{'hmdb': {'accuracy': 45.912001094967124, 'confidence': 0.42015757023715883}}

Test Accuracies:
hmdb: 45.9+/-0.4

