
== resnet18  total fwd 3.627 GFLOPs/frame
module     out shape            GFLOPs      %  act numel/frame  act GB @240 fp32
0          (64, 112, 112)        0.236    6.5          802,816             0.718
1          (64, 112, 112)        0.000    0.0          802,816             0.718
2          (64, 112, 112)        0.000    0.0          802,816             0.718
3          (64, 56, 56)          0.000    0.0          200,704             0.179
4          (64, 56, 56)          0.925   25.5        2,408,448             2.153
5          (128, 28, 28)         0.822   22.7        1,404,928             1.256
6          (256, 14, 14)         0.822   22.7          702,464             0.628
7          (512, 7, 7)           0.822   22.7          351,232             0.314
8          (512, 1, 1)           0.000    0.0              512             0.000

== resnet50  total fwd 8.174 GFLOPs/frame
module     out shape            GFLOPs      %  act numel/frame  act GB @240 fp32
0          (64, 112, 112)        0.236    2.9          802,816             0.718
1          (64, 112, 112)        0.000    0.0          802,816             0.718
2          (64, 112, 112)        0.000    0.0          802,816             0.718
3          (64, 56, 56)          0.000    0.0          200,704             0.179
4          (256, 56, 56)         1.336   16.3       12,443,648            11.125
5          (512, 28, 28)         2.055   25.1        8,931,328             7.985
6          (1024, 14, 14)        2.929   35.8        6,272,000             5.608
7          (2048, 7, 7)          1.618   19.8        1,781,248             1.593
8          (2048, 1, 1)          0.000    0.0            2,048             0.002

== 參數量
resnet18 side w= 64: 0.243 M   top_adapter h=237 → 0.243 M
resnet18 side w=128: 0.781 M   top_adapter h=761 → 0.781 M
resnet18 side w=192: 1.613 M   top_adapter h=1573 → 1.613 M
resnet18 side w=256: 2.741 M   top_adapter h=2673 → 2.740 M
resnet50 side w= 64: 0.527 M   top_adapter h=128 → 0.526 M
resnet50 side w=128: 1.348 M   top_adapter h=328 → 1.346 M
resnet50 side w=192: 2.463 M   top_adapter h=601 → 2.464 M
resnet50 side w=256: 3.873 M   top_adapter h=945 → 3.874 M

== 磁碟（fp16）
resnet18 GAP            1024 B/frame  k=1/2/4/8: 0.05 / 0.08 / 0.15 / 0.29 GB
resnet18 rung 7x7      94080 B/frame  k=1/2/4/8: 4.19 / 7.42 / 13.86 / 26.74 GB
resnet18 rung 14x14   376320 B/frame  k=1/2/4/8: 16.77 / 29.66 / 55.43 / 106.97 GB
resnet18 rung 7x7 每 episode 讀取量 22.6 MB
resnet50 GAP            4096 B/frame  k=1/2/4/8: 0.18 / 0.32 / 0.60 / 1.16 GB
resnet50 rung 7x7     376320 B/frame  k=1/2/4/8: 16.77 / 29.66 / 55.43 / 106.97 GB
resnet50 rung 14x14  1505280 B/frame  k=1/2/4/8: 67.10 / 118.64 / 221.72 / 427.88 GB
resnet50 rung 7x7 每 episode 讀取量 90.3 MB
