129
129
129
129
129
131
534
534
534
534
534
674
5960
9284
9284
9284
9284
9284
9284
9284
9284
9284
9284
9284
9284
9284
9284
9284
9284
9284
9284
9284
9284
9284
9284
9284
9284
9284
9284
9284
9284
9284
9284
9284
9284
9284
9284
9284
9284
9284
9284
9284
9284
9284
9284
9284
9284
9284
9284
9284
9284
9284
9284
9284
9284
9284
9284
9284
9284
9284
9284
9284
9284
9284
9284
9284
9284
9284
9284
9284
9284
9284
9284
9284
9284
9284
9284
9284
9284
9284
9284
9284
9284
9284
9284
9284
9284
9284
9284
9284
9284
9284
9284
9284
9284
9284
9284
9284
9284
9284
9284
9284
9284
9284
9284
9284
9284
9284
9284
9284
9284
9284
9284
9284
9284
9284
9284
9286
9286
9286
9286
9286
9286
9286
9286
9286
9286
9286
9286
9286
9286
9286
9286
9286
9286
9286
9286
9286
9286
9286
9286
9286
9286
9286
9286
9286
9286
9286
9286
9286
9286
9286
9286
9286
9286
9286
9286
9286
9286
9286
9286
9286
9286
9286
9286
9286
9286
9286
9286
9286
9286
9286
9286
9286
9286
9286
9286
9286
9286
9286
9286
9286
9286
9286
