[WARN] config 有廢棄鍵 ['num_samples']（程式碼不讀取，對模型無作用）
Options: Namespace(config='configs/stage2_true_hyrsm_b4_tuple.yaml', dataset='hmdb', learning_rate=0.001, tasks_per_batch=16, checkpoint_dir='/home/ccwu/trx_data/checkpoints/m0922_C1/hmdb_split3_20260921_235757', test_model_path=None, training_iterations=300, resume_from_checkpoint=False, way=5, shot=1, query_per_class=5, query_per_class_test=1, test_iters=[999999], num_test_tasks=10000, print_freq=100, seq_len=8, num_workers=10, method='resnet50', trans_linear_out_dim=1152, trans_linear_in_dim=2048, opt='sgd', trans_dropout=0.1, save_freq=999999, img_size=224, temp_set=[2], scratch='/home/ccwu/Documents/work/trx/trx_data', num_gpus=1, debug_loader=False, split=3, sch=[1000000], seed=None, grad_ckpt=True, ckpt_segments=7, ckpt_prefix=14, freeze_backbone=False, profile_memory=True, bn_fix_scope='covered', loss_csv=None, profile_time=True, ckpt_policy='save_conv', amp='off', decouple_gate=True, decouple_mode='remove', intra_depth=1, matching='bidirectional', set_aggregation='pool', tau=0.1, num_samples=1, use_intra_relation=True, use_inter_relation=True, relation_level='tuple', inter_style='true_hyrsm', config_file='configs/stage2_true_hyrsm_b4_tuple.yaml', traintestlist='/home/ccwu/Documents/work/trx/trx_data/video_datasets/splits/hmdb_ARN', path='/home/ccwu/Documents/work/trx/trx_data/video_datasets/data/hmdb51_256q5.zip')

Checkpoint Directory: /home/ccwu/trx_data/checkpoints/m0922_C1/hmdb_split3_20260921_235757

/home/ccwu/miniconda3/envs/trx/lib/python3.10/site-packages/torchvision/models/_utils.py:208: UserWarning: The parameter 'pretrained' is deprecated since 0.13 and may be removed in the future, please use 'weights' instead.
  warnings.warn(
/home/ccwu/miniconda3/envs/trx/lib/python3.10/site-packages/torchvision/models/_utils.py:223: UserWarning: Arguments other than a weight enum or `None` for 'weights' are deprecated since 0.13 and may be removed in the future. The current behavior is equivalent to passing `weights=ResNet50_Weights.IMAGENET1K_V1`. You can also use `weights=ResNet50_Weights.DEFAULT` to get the most up-to-date weights.
  warnings.warn(msg)
[INFO] set inplace=False on 17 ReLU modules in resnet
[INFO] TRXSetMatching (pairs-only) — 距離設定見下一行 [INFO]
[INFO] matching=bidirectional, set_aggregation=pool, tau=0.1, tuples_len=28, support_chunk=64
[INFO] TRXSetMatchingWithRelation: relation_level=tuple, use_intra=True, use_inter=True, intra_depth=1, inter_style=true_hyrsm, rel_dim=1152
[INFO] grad_ckpt on (bn_fix_scope=covered): adjusted momentum of 34 / 53 BN layers to 0.05132 (chain[:14] of 21)
loaded /home/ccwu/Documents/work/trx/trx_data/video_datasets/data/hmdb51_256q5.zip
train: 4269, test: 1276
[INFO] optimizer 收了 52.14 M 個可訓練參數
/home/ccwu/Documents/work/trx/run.py:186: FutureWarning: `torch.cuda.amp.GradScaler(args...)` is deprecated. Please use `torch.amp.GradScaler('cuda', args...)` instead.
  self.scaler = torch.cuda.amp.GradScaler(enabled=(getattr(self.args, "amp", "off") == "fp16"))
Traceback (most recent call last):
  File "/home/ccwu/Documents/work/trx/run.py", line 917, in <module>
    main()
  File "/home/ccwu/Documents/work/trx/run.py", line 117, in main
    learner.run()
  File "/home/ccwu/Documents/work/trx/run.py", line 616, in run
    task_loss, task_accuracy = self.train_task(task_dict)
  File "/home/ccwu/Documents/work/trx/run.py", line 807, in train_task
    model_dict = self.model(context_images, context_labels, target_images)
  File "/home/ccwu/miniconda3/envs/trx/lib/python3.10/site-packages/torch/nn/modules/module.py", line 1736, in _wrapped_call_impl
    return self._call_impl(*args, **kwargs)
  File "/home/ccwu/miniconda3/envs/trx/lib/python3.10/site-packages/torch/nn/modules/module.py", line 1747, in _call_impl
    return forward_call(*args, **kwargs)
  File "/home/ccwu/Documents/work/trx/models/stage2_model.py", line 385, in forward
    target_features  = self._ckpt_forward_prefix(
  File "/home/ccwu/Documents/work/trx/models/stage2_model.py", line 350, in _ckpt_forward_prefix
    x = checkpoint(group, x, use_reentrant=False, context_fn=context_fn)
  File "/home/ccwu/miniconda3/envs/trx/lib/python3.10/site-packages/torch/_compile.py", line 32, in inner
    return disable_fn(*args, **kwargs)
  File "/home/ccwu/miniconda3/envs/trx/lib/python3.10/site-packages/torch/_dynamo/eval_frame.py", line 632, in _fn
    return fn(*args, **kwargs)
  File "/home/ccwu/miniconda3/envs/trx/lib/python3.10/site-packages/torch/utils/checkpoint.py", line 496, in checkpoint
    ret = function(*args, **kwargs)
  File "/home/ccwu/miniconda3/envs/trx/lib/python3.10/site-packages/torch/nn/modules/module.py", line 1736, in _wrapped_call_impl
    return self._call_impl(*args, **kwargs)
  File "/home/ccwu/miniconda3/envs/trx/lib/python3.10/site-packages/torch/nn/modules/module.py", line 1747, in _call_impl
    return forward_call(*args, **kwargs)
  File "/home/ccwu/miniconda3/envs/trx/lib/python3.10/site-packages/torch/nn/modules/container.py", line 250, in forward
    input = module(input)
  File "/home/ccwu/miniconda3/envs/trx/lib/python3.10/site-packages/torch/nn/modules/module.py", line 1736, in _wrapped_call_impl
    return self._call_impl(*args, **kwargs)
  File "/home/ccwu/miniconda3/envs/trx/lib/python3.10/site-packages/torch/nn/modules/module.py", line 1747, in _call_impl
    return forward_call(*args, **kwargs)
  File "/home/ccwu/miniconda3/envs/trx/lib/python3.10/site-packages/torchvision/models/resnet.py", line 161, in forward
    out = self.relu(out)
  File "/home/ccwu/miniconda3/envs/trx/lib/python3.10/site-packages/torch/nn/modules/module.py", line 1736, in _wrapped_call_impl
    return self._call_impl(*args, **kwargs)
  File "/home/ccwu/miniconda3/envs/trx/lib/python3.10/site-packages/torch/nn/modules/module.py", line 1747, in _call_impl
    return forward_call(*args, **kwargs)
  File "/home/ccwu/miniconda3/envs/trx/lib/python3.10/site-packages/torch/nn/modules/activation.py", line 133, in forward
    return F.relu(input, inplace=self.inplace)
  File "/home/ccwu/miniconda3/envs/trx/lib/python3.10/site-packages/torch/nn/functional.py", line 1704, in relu
    result = torch.relu(input)
  File "/home/ccwu/miniconda3/envs/trx/lib/python3.10/site-packages/torch/utils/checkpoint.py", line 1292, in __torch_dispatch__
    out = func(*args, **kwargs)
  File "/home/ccwu/miniconda3/envs/trx/lib/python3.10/site-packages/torch/_ops.py", line 716, in __call__
    return self._op(*args, **kwargs)
torch.OutOfMemoryError: CUDA out of memory. Tried to allocate 308.00 MiB. GPU 0 has a total capacity of 11.75 GiB of which 48.19 MiB is free. Including non-PyTorch memory, this process has 11.57 GiB memory in use. Of the allocated memory 11.11 GiB is allocated by PyTorch, and 178.34 MiB is reserved by PyTorch but unallocated. If reserved but unallocated memory is large try setting PYTORCH_CUDA_ALLOC_CONF=expandable_segments:True to avoid fragmentation.  See documentation for Memory Management  (https://pytorch.org/docs/stable/notes/cuda.html#environment-variables)
