129
129
129
129
129
131
131
534
534
534
534
534
534
1396
6222
9284
9284
9284
9284
9284
9284
9284
9284
9284
9284
9284
9284
9284
9284
9284
9284
9284
9284
9284
9284
9284
9284
9284
9284
9284
9284
9284
9284
9284
9284
9284
9284
9284
9284
9284
9284
9284
9284
9284
9284
9284
9284
9284
9284
9284
9284
9284
9284
9284
9284
9284
9284
9284
9284
9284
9284
9284
9284
9284
9284
9284
9284
9284
9284
9284
9284
9284
9284
9284
9284
9284
9284
9284
9284
9284
9284
9284
9284
9284
9284
9284
9284
9284
9284
9284
9284
9284
9284
9284
9284
9284
9284
9284
9284
9284
9284
9284
9284
9284
9284
9284
9284
9284
9284
9284
9284
9284
9284
9284
9284
9284
9284
9284
9284
9286
9286
9286
9286
9286
9286
9286
9286
9286
9286
9286
9286
9286
9286
9286
9286
9286
9286
9286
9286
9286
9286
9286
9286
9286
9286
9286
9286
9286
9286
9286
9286
9286
9286
9286
9286
9286
9286
9286
9286
9286
9286
9286
9286
9286
9286
9286
9286
9286
9286
9286
9286
9286
9286
9286
9286
9286
9286
9286
9286
9286
9286
9286
9286
9286
9286
9286
