129
129
129
129
129
131
606
606
606
606
606
606
866
1052
10650
11234
11246
11248
10120
11446
11542
11542
11542
11542
11542
11542
11542
11542
11542
11542
11542
11542
12004
12004
12004
12004
12004
12004
12004
12004
12004
12004
12004
12004
12004
12004
12004
12004
12004
12004
12004
12004
12004
12004
12004
12004
12004
12004
12004
12004
12004
12004
12004
12004
12004
12004
12004
12004
12004
12004
12004
12004
12004
12004
12004
12004
12004
12004
12004
12004
12004
12004
12004
12004
12004
12004
12004
12004
12004
12004
12004
12004
12004
12004
12004
12004
12004
12004
12004
12004
12004
12004
12004
12004
12004
12004
12004
12004
12004
12004
12004
12004
12004
12004
12004
12004
12004
12004
12004
12004
12004
12004
12004
12004
12004
12004
12004
12004
12004
12004
12004
12004
12004
12004
12004
12004
12004
12004
12004
12004
12004
12004
12004
12004
12004
12004
12004
12004
12004
12004
12004
12004
12004
12004
12004
12004
12004
12004
12004
12004
12004
12004
12004
12004
12004
12004
12004
12004
12004
12004
12004
12004
12004
12004
12004
12004
12004
12004
12004
12004
12004
12004
12004
12004
12004
12004
12004
12004
12004
12004
12004
12004
12004
12004
12004
12004
12004
12004
12004
12004
12004
12004
12004
12004
12004
12004
12004
12004
12004
12004
12004
12004
12004
12004
12004
12004
12004
12004
12004
12004
12004
12004
12004
12004
12004
12004
12004
12004
12004
12004
12004
12004
12004
12004
12004
12004
12004
12004
12004
12004
12004
12004
12004
12004
12004
12004
12004
12004
12004
12004
12004
12004
12004
12004
12004
12004
12004
12004
12004
12004
12004
12004
12004
12004
12004
12004
12004
12004
12004
12004
12004
12004
12004
12004
12004
12004
12004
12004
12004
12004
