129
129
129
129
129
131
606
606
606
606
606
606
3054
6208
6998
6998
6998
6998
6998
6998
6998
6998
6998
6998
6998
6998
6998
6998
6998
6998
6998
6998
6998
6998
6998
6998
6998
6998
6998
6998
6998
6998
6998
6998
6998
6998
6998
6998
6998
6998
6998
6998
6998
6998
6998
6998
6998
6998
6998
6998
6998
6998
6998
6998
6998
6998
6998
6998
6998
6998
6998
6998
6998
6998
6998
6998
6998
6998
6998
6998
6998
6998
6998
6998
6998
6998
6998
6998
6998
6998
6998
6998
6998
6998
6998
6998
6998
6998
6998
6998
6998
6998
6998
6998
6998
6998
6998
6998
6998
6998
6998
6998
6998
6998
6998
6998
6998
6998
6998
6998
6998
6998
6998
6998
6998
6998
6998
6998
6998
6998
6998
6998
6998
6998
6998
6998
6998
6998
6998
6998
6998
6998
6998
6998
6998
6998
6998
6998
6998
6998
6998
6998
6998
6998
6998
6998
6998
6998
6998
6998
6998
6998
6998
6998
6998
6998
6998
6998
6998
6998
6998
6998
6998
6998
6998
6998
6998
6998
6998
6998
6998
6998
6998
6998
6998
6998
6998
6998
6998
6998
6998
6998
6998
6998
6998
6998
6998
6998
6998
6998
6998
6998
6998
6998
6998
6998
6998
6998
6998
6998
6998
6998
6998
6998
6998
6998
6998
6998
6998
6998
6998
6998
6998
6998
6998
6998
6998
6998
6998
6998
6998
6998
6998
6998
6998
6998
6998
6998
6998
6998
6998
6998
6998
6998
6998
6998
6998
6998
6998
6998
6998
6998
6998
6998
6998
6998
6998
6998
6998
6998
6998
6998
6998
6998
6998
6998
6998
6998
6998
6998
6998
6998
6998
6998
6998
6998
6998
6998
6998
6998
6998
6998
6998
6998
6998
6998
6998
6998
6998
6998
6998
6998
6998
6998
6998
6998
6998
6998
6998
6998
6998
6998
6998
6998
6998
6998
6998
6998
6998
6998
6998
6998
6998
6998
6998
6998
