129
129
129
129
129
131
606
606
606
606
606
866
1006
3694
3868
3926
6086
6104
6104
6104
6104
6104
6104
6104
6104
6104
6104
6104
6104
6104
6412
6412
6412
6412
6412
6412
6412
6412
6412
6412
6412
6412
6412
6412
6412
6412
6412
6412
6412
6412
6412
6412
6412
6412
6412
6412
6412
6412
6412
6412
6412
6412
6412
6412
6412
6412
6412
6412
6412
6412
6412
6412
6412
6412
6412
6412
6412
6412
6412
6412
6412
6412
6412
6412
6412
6412
6412
6412
6412
6412
6412
6412
6412
6412
6412
6412
6412
6412
6412
6412
6412
6412
6412
6412
6412
6412
6412
6412
6412
6412
6412
6412
6412
6412
6412
6412
6412
6412
6412
6412
6412
6412
6412
6412
6412
6412
6412
6412
6412
6412
6412
6412
6412
6412
6412
6412
6412
6412
6412
6412
6412
6412
6412
6412
6412
6412
6412
6412
6412
6412
6412
6412
6412
6412
6412
6412
6412
6412
6412
6412
6412
6412
6412
6412
6412
6412
6412
6412
6412
6412
6412
6412
6412
6412
6412
6412
6412
6412
6412
6412
6412
6412
6412
6412
6412
6412
6412
6412
6412
6412
6412
6412
6412
6412
6412
6412
6412
6412
6412
6412
6412
6412
6412
6412
6412
6412
6412
6412
6412
6412
6412
6412
6412
6412
6412
6412
6412
6412
6412
6412
6412
6412
6412
6412
6412
6412
6412
6412
6412
6412
6412
6412
6412
6412
6412
6412
6412
6412
6412
6412
6412
6412
6412
6412
6412
6412
6412
6412
6412
6412
6412
6412
6412
6412
6412
6412
6412
6412
6412
6412
6412
6412
6412
6412
6412
6412
6412
6412
6412
6412
6412
6412
6412
6412
6412
6412
6412
6412
6412
6412
6412
6412
6412
6412
6412
6412
6412
6412
6412
6412
6412
6412
6412
6412
6412
6412
6412
6412
6412
6412
6412
6412
6412
6412
6412
