129
129
129
129
129
131
606
606
606
606
606
866
3692
5778
6566
6566
6568
6568
6568
6568
6568
6568
6568
6568
6568
6568
6568
6568
6568
6568
6568
6568
6568
6568
6568
6568
6568
6568
6568
6568
6568
6568
6568
6568
6568
6568
6568
6568
6568
6568
6568
6568
6568
6568
6568
6568
6568
6568
6568
6568
6568
6568
6568
6568
6568
6568
6568
6568
6568
6568
6568
6568
6568
6568
6568
6568
6568
6568
6568
6568
6568
6568
6568
6568
6568
6568
6568
6568
6568
6568
6568
6568
6568
6568
6568
6568
6568
6568
6568
6568
6568
6568
6568
6568
6568
6568
6568
6568
6568
6568
6568
6568
6568
6568
6568
6568
6568
6568
6568
6568
6568
6568
6568
6568
6568
6568
6568
6568
6568
6568
6568
6568
6568
6568
6568
6568
6568
6568
6568
6568
6568
6568
6568
6568
6568
6568
6568
6568
6568
6568
6568
6568
6568
6568
6568
6568
6568
6568
6568
6568
6568
6568
6568
6568
6568
6568
6568
6568
6568
6568
6568
6568
6568
6568
6568
6568
6568
6568
6568
6568
6568
6568
6568
6568
6568
6568
6568
6568
6568
6568
6568
6568
6568
6568
6568
6568
6568
6568
6568
6568
6568
6568
6568
6568
6568
6568
6568
6568
6568
6568
6568
6568
6568
6568
6568
6568
6568
6568
6568
6568
6568
6568
6568
6568
6568
6568
6568
6568
6568
6568
6568
6568
6568
6568
6568
6568
6568
6568
6568
6568
6568
6568
6568
6568
6568
6568
6568
6568
6568
6568
6568
6568
6568
6568
6568
6568
6568
6568
6568
6568
6568
6568
6568
6568
6568
6568
6568
6568
6568
6568
6568
6568
6568
6568
6568
6568
6568
6568
6568
6568
6568
6568
6568
6568
6568
6568
6568
6568
6568
6568
6568
6568
6568
6568
6568
6568
6568
6568
6568
6568
6568
6568
6568
6568
6568
6568
6568
6568
6568
6568
6568
6568
6568
6568
6568
6568
6568
6568
6568
6568
6568
6568
6568
6568
6568
6568
6568
