129
129
129
129
129
131
534
534
534
534
674
1102
3708
4942
4942
4942
4942
4942
4942
4942
4942
4942
4942
4942
4942
4942
4942
4942
4942
4942
4942
4942
4942
4942
4942
4942
4942
4942
4942
4942
4942
4942
4942
4942
4942
4942
4942
4942
4942
4942
4942
4942
4942
4942
4942
4942
4942
4942
4942
4942
4942
4942
4942
4942
4942
4942
4942
4942
4942
4942
4942
4942
4942
4942
4942
4942
4942
4942
4942
4942
4942
4942
4942
4942
4942
4942
4942
4942
4942
4942
4942
4942
4942
4942
4942
4942
4942
4942
4942
4942
4942
4942
4942
4942
4942
4942
4942
4942
4942
4942
4942
4942
4942
4942
4942
4942
4942
4942
4942
4942
4942
4942
4942
4942
4942
4942
4942
4942
4942
4942
4942
4942
4942
4942
4942
4942
4942
4942
4942
4942
4942
4942
4942
4942
4942
4942
4942
4942
4942
4942
4942
4942
4942
4942
4942
4942
4942
4942
4942
4942
4942
4942
4942
4942
4942
