129
129
129
129
129
129
131
131
131
578
578
578
578
578
846
1770
3254
7062
7062
7062
7062
7062
7062
7062
7062
7062
7062
7062
7064
7064
7064
7064
7064
7064
7064
7064
7064
7064
7064
7064
7064
7064
7064
7064
7064
7064
7064
7064
7064
7064
7064
7064
7064
7064
7064
7064
7064
7064
7064
7064
7064
7064
7064
7064
7064
7064
7064
7064
7064
7064
7064
7064
7064
7064
7064
7064
7064
7064
7064
7064
7064
7064
7064
7064
7064
7064
7064
7064
7064
7064
7064
7064
7064
7064
7064
7064
7064
7064
7064
7064
7064
7064
7064
7064
7064
7064
7064
7064
7064
7064
7064
7064
7064
7064
7064
7064
7064
7064
7064
7064
7064
7064
7064
7064
7064
7064
7064
7064
7064
7064
7064
7064
7064
7064
7064
7064
7064
7064
7064
7064
7064
7064
7064
7064
7064
7064
7064
7064
7064
7064
7064
7064
7064
7064
7064
7064
7064
7064
7064
7064
7064
7064
7064
7064
7064
7064
7064
7064
7064
7064
7064
7064
7064
7064
7064
7064
7064
7064
7064
7064
7064
7064
7064
7064
7064
7064
7064
7064
7064
7064
7064
7064
7064
7064
7064
7064
7064
7064
7064
7064
7064
7064
7064
7064
7064
7064
7064
7064
7064
7064
7064
7064
7064
7064
7064
7064
7064
7064
7064
7064
7064
7064
7064
7064
7064
7064
7064
7064
7064
7064
7064
7064
7064
7064
7064
7064
7064
7064
7064
7064
7064
7064
7064
7064
7064
7064
7064
7064
7064
7064
7064
7064
7064
7064
7064
7064
7064
7064
7064
7064
7064
7064
7064
7064
7064
7064
7064
7064
7064
7064
7064
7064
7064
7064
7064
7064
7064
7064
7064
7064
7064
7064
7064
7064
7064
7064
7064
7064
7064
7064
7064
7064
7064
7064
7064
7064
7064
7064
7064
7064
7064
7064
7064
7064
7064
7064
7064
7064
7064
7064
7064
7064
7064
7064
