129
129
129
129
129
131
606
606
606
606
606
1042
8068
11336
8338
9384
10306
10306
10306
10306
10306
10306
10306
10306
10306
10306
10308
10308
10308
10308
10308
10308
10308
10308
10308
10308
10308
10308
10308
10308
10308
10308
10308
10308
10308
10308
10308
10308
10308
10308
10308
10308
10308
10308
10308
10308
10308
10308
10308
10308
10308
10308
10308
10308
10308
10308
10308
10308
10308
10308
10308
10308
10308
10308
10308
10308
10308
10308
10308
10308
10308
10308
10308
10308
10308
10308
10308
10308
10308
10308
10308
10308
10308
10308
10308
10308
10308
10308
10308
10308
10308
10308
10308
10308
10308
10308
10308
10308
10308
10308
10308
10308
10308
10308
10308
10308
10308
10308
10308
10308
10308
10308
10308
10308
10308
10308
10308
10308
10308
10308
10308
10308
10308
10308
10308
10308
10308
10308
10308
10308
10308
10308
10308
10308
10308
10308
10308
10308
10308
10308
10308
10308
10308
10308
10308
10308
10308
10308
10308
10308
10308
10308
10308
10308
10308
10308
10308
10310
10310
10310
10310
10310
10310
10310
10310
10310
10310
10310
10310
10310
10310
10310
10310
10310
10310
10310
10310
10310
10310
10310
10310
10310
10310
10310
10310
10310
10310
10310
10310
10310
10310
10310
10310
10310
10310
10310
10310
10310
10310
10310
10310
10310
10310
10310
10310
10310
10310
10310
10310
10310
10310
10310
10310
10310
10310
10310
10310
10310
10310
10310
10310
10310
10310
10310
10310
10310
10310
10310
10310
10310
10310
10310
10310
10310
10310
10310
10310
10310
10310
10310
10310
10310
10310
10310
10310
10310
10310
10310
10310
10310
10310
10310
10310
10310
10310
10310
10310
10310
10310
10310
10310
10310
10310
10310
10310
10310
10310
10310
10310
10310
10310
10310
10310
10310
10310
10310
10310
10310
10310
10310
10310
10310
10310
10310
10310
10310
10310
10310
10310
10310
10310
10310
10310
10310
10310
10310
10310
10310
10310
10310
10310
10310
10310
10310
10310
10310
10310
10310
10310
10310
10310
10310
10310
10310
10310
10310
10310
10310
10310
10310
10310
10310
10310
10310
10310
10310
10310
10310
10310
10310
10310
10310
10310
10310
10310
10310
10310
10310
10310
10310
10310
10310
10310
10310
10310
10310
10310
10310
10310
10310
10310
10310
10310
10310
10310
10310
10310
10310
10310
10310
10310
10310
10310
10310
10310
10310
10310
10310
10310
10310
10310
10310
10310
10310
10310
10310
10310
10310
10310
10310
10310
10310
10310
10310
10310
10310
10310
10310
10310
10310
10310
10310
10310
10310
10310
10310
10310
10310
10310
10310
10310
10310
10310
10310
10310
10310
10310
10310
10310
10310
10310
10310
10310
10310
10310
10310
10310
10310
10310
10310
10310
10310
10310
10310
10310
10310
10310
10310
10310
10310
10310
