=== budget: 已用 0.97 h ＋ 預估 1.08 h ≤ 48.0 h
=== 10-05 18:21:19 START rn18_A_B1_anchor25k: python run.py --config configs/frozen_rn18_b1.yaml --seed 42 --training_iterations 25020 --test_iters 25000 --dataset hmdb --split 3 --scratch /home/ccwu/Documents/work/trx/trx_data -c /home/ccwu/trx_data/checkpoints/lst1005_rn18_A_B1_anchor25k
=== 10-05 19:24:15 END rn18_A_B1_anchor25k: rc=0 status=ok evals=46.5+/-0.4
=== budget: 已用 2.02 h ＋ 預估 3.59 h ≤ 48.0 h
=== 10-05 19:24:15 START rn18_E_B1_s42: python run.py --config configs/b1_backbone_1shot.yaml --seed 42 --training_iterations 50020 --test_iters 25000 50000 --dataset hmdb --split 3 --scratch /home/ccwu/Documents/work/trx/trx_data -c /home/ccwu/trx_data/checkpoints/lst1005_rn18_E_B1_s42
=== 10-05 22:46:41 END rn18_E_B1_s42: rc=0 status=ok evals=49.5+/-0.4;49.0+/-0.4
=== budget: 已用 5.39 h ＋ 預估 5.09 h ≤ 48.0 h
=== 10-05 22:46:41 START rn18_E_B4_s42: python run.py --config configs/stage2_true_hyrsm_b4_tuple.yaml --seed 42 --training_iterations 50020 --test_iters 25000 50000 --dataset hmdb --split 3 --scratch /home/ccwu/Documents/work/trx/trx_data -c /home/ccwu/trx_data/checkpoints/lst1005_rn18_E_B4_s42
=== 10-06 03:25:03 END rn18_E_B4_s42: rc=0 status=ok evals=49.6+/-0.4;50.4+/-0.4
=== budget: 已用 10.03 h ＋ 預估 2.24 h ≤ 48.0 h
=== 10-06 03:25:04 START rn18_C_B1_s42: python run.py --config configs/frozen_rn18_b1.yaml --backbone_mode lst --seed 42 --training_iterations 50020 --test_iters 25000 50000 --dataset hmdb --split 3 --scratch /home/ccwu/Documents/work/trx/trx_data -c /home/ccwu/trx_data/checkpoints/lst1005_rn18_C_B1_s42
=== 10-06 05:35:16 END rn18_C_B1_s42: rc=0 status=ok evals=47.3+/-0.4;48.8+/-0.4
=== budget: 已用 12.20 h ＋ 預估 3.56 h ≤ 48.0 h
=== 10-06 05:35:16 START rn18_C_B4_s42: python run.py --config configs/frozen_rn18_b4.yaml --backbone_mode lst --seed 42 --training_iterations 50020 --test_iters 25000 50000 --dataset hmdb --split 3 --scratch /home/ccwu/Documents/work/trx/trx_data -c /home/ccwu/trx_data/checkpoints/lst1005_rn18_C_B4_s42
=== 10-06 08:49:53 END rn18_C_B4_s42: rc=0 status=ok evals=45.4+/-0.4;45.9+/-0.4
=== budget: 已用 15.45 h ＋ 預估 2.31 h ≤ 48.0 h
=== 10-06 08:49:54 START rn18_D_B1_s42: python run.py --config configs/b1_backbone_1shot.yaml --backbone_mode partial_l4 --seed 42 --training_iterations 50020 --test_iters 25000 50000 --dataset hmdb --split 3 --scratch /home/ccwu/Documents/work/trx/trx_data -c /home/ccwu/trx_data/checkpoints/lst1005_rn18_D_B1_s42
=== 10-06 11:02:37 END rn18_D_B1_s42: rc=0 status=ok evals=47.1+/-0.4;46.7+/-0.4
=== budget: 已用 17.66 h ＋ 預估 3.64 h ≤ 48.0 h
=== 10-06 11:02:38 START rn18_D_B4_s42: python run.py --config configs/stage2_true_hyrsm_b4_tuple.yaml --backbone_mode partial_l4 --seed 42 --training_iterations 50020 --test_iters 25000 50000 --dataset hmdb --split 3 --scratch /home/ccwu/Documents/work/trx/trx_data -c /home/ccwu/trx_data/checkpoints/lst1005_rn18_D_B4_s42
=== 10-06 14:20:55 END rn18_D_B4_s42: rc=0 status=ok evals=45.6+/-0.4;44.8+/-0.4
=== budget: 已用 20.97 h ＋ 預估 2.18 h ≤ 48.0 h
=== 10-06 14:20:56 START rn18_B_B1_s42: python run.py --config configs/frozen_rn18_b1.yaml --backbone_mode top_adapter --seed 42 --training_iterations 50020 --test_iters 25000 50000 --dataset hmdb --split 3 --scratch /home/ccwu/Documents/work/trx/trx_data -c /home/ccwu/trx_data/checkpoints/lst1005_rn18_B_B1_s42
=== 10-06 16:27:51 END rn18_B_B1_s42: rc=0 status=ok evals=47.1+/-0.4;46.6+/-0.4
=== budget: 已用 23.08 h ＋ 預估 1.08 h ≤ 48.0 h
=== 10-06 16:27:51 START rn18_A_B1_noaug25k: python run.py --config configs/frozen_rn18_b1.yaml --train_aug none --seed 42 --training_iterations 25020 --test_iters 25000 --dataset hmdb --split 3 --scratch /home/ccwu/Documents/work/trx/trx_data -c /home/ccwu/trx_data/checkpoints/lst1005_rn18_A_B1_noaug25k
=== 10-06 17:31:09 END rn18_A_B1_noaug25k: rc=0 status=ok evals=45.9+/-0.4
=== queue empty
=== driver exit
