[WARN] config 有廢棄鍵 ['num_samples']（程式碼不讀取，對模型無作用）
[INFO] seed=42 (random, numpy, torch, cuda)
Options: Namespace(config='configs/b1_backbone_1shot.yaml', dataset='hmdb', learning_rate=0.001, tasks_per_batch=16, checkpoint_dir='/home/ccwu/trx_data/checkpoints/vram_rn18_A2_0918/hmdb_split3_20260918_224142', test_model_path=None, training_iterations=2000, resume_from_checkpoint=False, way=5, shot=1, query_per_class=5, query_per_class_test=1, test_iters=[999999], num_test_tasks=10000, print_freq=200, seq_len=8, num_workers=10, method='resnet18', trans_linear_out_dim=1152, trans_linear_in_dim=512, opt='sgd', trans_dropout=0.1, save_freq=5000, img_size=224, temp_set=[2], scratch='/home/ccwu/Documents/work/trx/trx_data', num_gpus=1, debug_loader=False, split=3, sch=[1000000], seed=42, grad_ckpt=False, ckpt_segments=8, freeze_backbone=False, profile_memory=False, bn_fix_scope='covered', loss_csv='logs/loss_A2_0918.csv', decouple_gate=True, decouple_mode='remove', intra_depth=1, matching='bidirectional', set_aggregation='pool', tau=0.1, num_samples=1, use_intra_relation=False, use_inter_relation=False, relation_level='none', config_file='configs/b1_backbone_1shot.yaml', traintestlist='/home/ccwu/Documents/work/trx/trx_data/video_datasets/splits/hmdb_ARN', path='/home/ccwu/Documents/work/trx/trx_data/video_datasets/data/hmdb51_256q5.zip')

Checkpoint Directory: /home/ccwu/trx_data/checkpoints/vram_rn18_A2_0918/hmdb_split3_20260918_224142

/home/ccwu/miniconda3/envs/trx/lib/python3.10/site-packages/torchvision/models/_utils.py:208: UserWarning: The parameter 'pretrained' is deprecated since 0.13 and may be removed in the future, please use 'weights' instead.
  warnings.warn(
/home/ccwu/miniconda3/envs/trx/lib/python3.10/site-packages/torchvision/models/_utils.py:223: UserWarning: Arguments other than a weight enum or `None` for 'weights' are deprecated since 0.13 and may be removed in the future. The current behavior is equivalent to passing `weights=ResNet18_Weights.IMAGENET1K_V1`. You can also use `weights=ResNet18_Weights.DEFAULT` to get the most up-to-date weights.
  warnings.warn(msg)
[INFO] set inplace=False on 9 ReLU modules in resnet
[INFO] TRXSetMatching (pairs-only) — 距離設定見下一行 [INFO]
[INFO] matching=bidirectional, set_aggregation=pool, tau=0.1, tuples_len=28, support_chunk=64
loaded /home/ccwu/Documents/work/trx/trx_data/video_datasets/data/hmdb51_256q5.zip
train: 4269, test: 1276
[INFO] optimizer 收了 12.36 M 個可訓練參數
/home/ccwu/miniconda3/envs/trx/lib/python3.10/site-packages/torch/optim/lr_scheduler.py:224: UserWarning: Detected call of `lr_scheduler.step()` before `optimizer.step()`. In PyTorch 1.1.0 and later, you should call them in the opposite order: `optimizer.step()` before `lr_scheduler.step()`.  Failure to do this will result in PyTorch skipping the first value of the learning rate schedule. See more details at https://pytorch.org/docs/stable/optim.html#how-to-adjust-learning-rate
  warnings.warn(
Task [200/2000], Train Loss: 11.3141956, Train Accuracy: 0.3835175
Task [400/2000], Train Loss: 2.4724081, Train Accuracy: 0.4318000
Task [600/2000], Train Loss: 2.0922854, Train Accuracy: 0.4816000
Task [800/2000], Train Loss: 1.9580346, Train Accuracy: 0.4986000
Task [1000/2000], Train Loss: 1.8163681, Train Accuracy: 0.5308000
Task [1200/2000], Train Loss: 1.6721866, Train Accuracy: 0.5688000
Task [1400/2000], Train Loss: 1.6780874, Train Accuracy: 0.5702000
Task [1600/2000], Train Loss: 1.5135547, Train Accuracy: 0.6196000
Task [1800/2000], Train Loss: 1.5611862, Train Accuracy: 0.6001999
Task [2000/2000], Train Loss: 1.4265814, Train Accuracy: 0.6372000
