/home/ccwu/miniconda3/envs/trx/lib/python3.10/site-packages/torchvision/models/_utils.py:208: UserWarning: The parameter 'pretrained' is deprecated since 0.13 and may be removed in the future, please use 'weights' instead.
  warnings.warn(
/home/ccwu/miniconda3/envs/trx/lib/python3.10/site-packages/torchvision/models/_utils.py:223: UserWarning: Arguments other than a weight enum or `None` for 'weights' are deprecated since 0.13 and may be removed in the future. The current behavior is equivalent to passing `weights=ResNet18_Weights.IMAGENET1K_V1`. You can also use `weights=ResNet18_Weights.DEFAULT` to get the most up-to-date weights.
  warnings.warn(msg)
[INFO] set inplace=False on 9 ReLU modules in resnet
[INFO] TRXSetMatching (pairs-only) — 距離設定見下一行 [INFO]
[INFO] matching=bidirectional, set_aggregation=pool, tau=0.1, tuples_len=28, support_chunk=64
[INFO] TRXSetMatchingWithRelation: relation_level=tuple, use_intra=True, use_inter=True, intra_depth=1, inter_style=true_hyrsm, rel_dim=1152
[INFO] set inplace=False on 9 ReLU modules in resnet
[INFO] TRXSetMatching (pairs-only) — 距離設定見下一行 [INFO]
[INFO] matching=bidirectional, set_aggregation=pool, tau=0.1, tuples_len=28, support_chunk=64
[INFO] TRXSetMatchingWithRelation: relation_level=tuple, use_intra=True, use_inter=True, intra_depth=1, inter_style=true_hyrsm, rel_dim=1152
涵蓋段內 BN 層數: full=8  sac=8

比較 running_mean（涵蓋段內每個 BN）：
  chain[1].: 相同
  chain[4].bn1: 相同
  chain[4].bn2: 相同
  chain[5].bn1: 相同
  chain[5].bn2: 相同
  chain[6].bn1: 相同
  chain[6].bn2: 相同
  chain[6].downsample.1: 相同

結論：SAC 下涵蓋段內每個 BN 的 running_mean 跟 full 完全相同（位元級）——BN 的更新次數跟 full 一樣，現行 momentum 修正照樣適用。
